Component: ARM Compiler 5.06 update 1 (build 61) Tool: armlink [4d35a8]

==============================================================================

Section Cross References

    main.o(i.main) refers to bsp.o(i.BspInit) for BspInit
    main.o(i.main) refers to common.o(i.CommonInit) for CommonInit
    main.o(i.main) refers to common.o(i.CommonExec) for CommonExec
    main.o(i.main) refers to led.o(i.led_on) for led_on
    main.o(i.main) refers to led.o(i.led_off) for led_off
    main.o(i.main) refers to bsptime2.o(.bss) for g_Tim2Array
    bsp.o(i.BspClose) refers to bsptime2.o(i.BspTim2Close) for BspTim2Close
    bsp.o(i.BspClose) refers to bsptime3.o(i.BspTim3Close) for BspTim3Close
    bsp.o(i.BspClose) refers to uart.o(i.BspUsart1Close) for BspUsart1Close
    bsp.o(i.BspInit) refers to bsp.o(i.RCC_Configuration) for RCC_Configuration
    bsp.o(i.BspInit) refers to misc.o(i.NVIC_SetVectorTable) for NVIC_SetVectorTable
    bsp.o(i.BspInit) refers to misc.o(i.NVIC_PriorityGroupConfig) for NVIC_PriorityGroupConfig
    bsp.o(i.BspInit) refers to pub.o(i.Pub_Nvic_Config) for Pub_Nvic_Config
    bsp.o(i.BspInit) refers to led.o(i.led_init) for led_init
    bsp.o(i.BspInit) refers to bsptime2.o(i.BspTim2Init) for BspTim2Init
    bsp.o(i.BspInit) refers to bsptime3.o(i.BspTim3Init) for BspTim3Init
    bsp.o(i.BspInit) refers to uart.o(i.BspUsart1Init) for BspUsart1Init
    bsp.o(i.RCC_Configuration) refers to stm32f10x_rcc.o(i.RCC_DeInit) for RCC_DeInit
    bsp.o(i.RCC_Configuration) refers to stm32f10x_rcc.o(i.RCC_HSEConfig) for RCC_HSEConfig
    bsp.o(i.RCC_Configuration) refers to stm32f10x_rcc.o(i.RCC_WaitForHSEStartUp) for RCC_WaitForHSEStartUp
    bsp.o(i.RCC_Configuration) refers to stm32f10x_flash.o(i.FLASH_PrefetchBufferCmd) for FLASH_PrefetchBufferCmd
    bsp.o(i.RCC_Configuration) refers to stm32f10x_flash.o(i.FLASH_SetLatency) for FLASH_SetLatency
    bsp.o(i.RCC_Configuration) refers to stm32f10x_rcc.o(i.RCC_HCLKConfig) for RCC_HCLKConfig
    bsp.o(i.RCC_Configuration) refers to stm32f10x_rcc.o(i.RCC_PCLK2Config) for RCC_PCLK2Config
    bsp.o(i.RCC_Configuration) refers to stm32f10x_rcc.o(i.RCC_PCLK1Config) for RCC_PCLK1Config
    bsp.o(i.RCC_Configuration) refers to stm32f10x_rcc.o(i.RCC_PLLConfig) for RCC_PLLConfig
    bsp.o(i.RCC_Configuration) refers to stm32f10x_rcc.o(i.RCC_PLLCmd) for RCC_PLLCmd
    bsp.o(i.RCC_Configuration) refers to stm32f10x_rcc.o(i.RCC_GetFlagStatus) for RCC_GetFlagStatus
    bsp.o(i.RCC_Configuration) refers to stm32f10x_rcc.o(i.RCC_SYSCLKConfig) for RCC_SYSCLKConfig
    bsp.o(i.RCC_Configuration) refers to stm32f10x_rcc.o(i.RCC_GetSYSCLKSource) for RCC_GetSYSCLKSource
    bsp.o(i.RCC_Configuration) refers to stm32f10x_rcc.o(i.RCC_APB2PeriphClockCmd) for RCC_APB2PeriphClockCmd
    bsp.o(i.RCC_Configuration) refers to stm32f10x_rcc.o(i.RCC_APB1PeriphClockCmd) for RCC_APB1PeriphClockCmd
    common.o(i.AppChoose) refers to common.o(i.JumpToApp) for JumpToApp
    common.o(i.AppChoose) refers to common.o(i.Print) for Print
    common.o(i.AppChoose) refers to common.o(.data) for flg
    common.o(i.AppChoose) refers to bsptime2.o(.bss) for g_Tim2Array
    common.o(i.CommonExec) refers to common.o(.data) for m_Mode
    common.o(i.CommonExec) refers to common.o(i.AppChoose) for AppChoose
    common.o(i.CommonExec) refers to common.o(i.DisplayMessage) for DisplayMessage
    common.o(i.CommonExec) refers to common.o(i.InputSelect) for InputSelect
    common.o(i.CommonExec) refers to common.o(i.ReceiveData) for ReceiveData
    common.o(i.CommonExec) refers to common.o(.bss) for m_ReceData
    common.o(i.CommonInit) refers to bsptime3.o(i.BspTim3SetIRQCallBack) for BspTim3SetIRQCallBack
    common.o(i.CommonInit) refers to uart.o(i.BspUsart1IRQCallBack) for BspUsart1IRQCallBack
    common.o(i.CommonInit) refers to common.o(i.TimEndHandle) for TimEndHandle
    common.o(i.CommonInit) refers to common.o(i.ReceOneChar) for ReceOneChar
    common.o(i.DisplayMessage) refers to strcpy.o(.text) for strcpy
    common.o(i.DisplayMessage) refers to strcat.o(.text) for strcat
    common.o(i.DisplayMessage) refers to common.o(i.Print) for Print
    common.o(i.InputSelect) refers to common.o(i.Print) for Print
    common.o(i.InputSelect) refers to common.o(.data) for m_ProgramAddr
    common.o(i.InputSelect) refers to download.o(i.FLASH_ProgramStart) for FLASH_ProgramStart
    common.o(i.InputSelect) refers to download.o(i.FLASH_WriteBank) for FLASH_WriteBank
    common.o(i.InputSelect) refers to download.o(i.FLASH_ProgramDone) for FLASH_ProgramDone
    common.o(i.JumpToApp) refers to bsp.o(i.BspClose) for BspClose
    common.o(i.JumpToApp) refers to pub.o(.emb_text) for MSR_MSP
    common.o(i.JumpToApp) refers to common.o(.data) for m_JumpAddress
    common.o(i.Print) refers to strlen.o(.text) for strlen
    common.o(i.Print) refers to uart.o(i.BspUsart1Send) for BspUsart1Send
    common.o(i.ReceOneChar) refers to bsptime3.o(i.BspTim3Open) for BspTim3Open
[...]
    Removing stm32f10x_flash.o(i.FLASH_GetReadOutProtectionStatus), (24 bytes).
    Removing stm32f10x_flash.o(i.FLASH_GetStatus), (52 bytes).
    Removing stm32f10x_flash.o(i.FLASH_GetUserOptionByte), (12 bytes).
    Removing stm32f10x_flash.o(i.FLASH_GetWriteProtectionOptionByte), (12 bytes).
    Removing stm32f10x_flash.o(i.FLASH_HalfCycleAccessCmd), (28 bytes).
    Removing stm32f10x_flash.o(i.FLASH_ITConfig), (32 bytes).
    Removing stm32f10x_flash.o(i.FLASH_LockBank1), (20 bytes).
    Removing stm32f10x_flash.o(i.FLASH_ProgramOptionByteData), (84 bytes).
    Removing stm32f10x_flash.o(i.FLASH_ProgramWord), (108 bytes).
    Removing stm32f10x_flash.o(i.FLASH_ReadOutProtection), (172 bytes).
    Removing stm32f10x_flash.o(i.FLASH_UnlockBank1), (24 bytes).
    Removing stm32f10x_flash.o(i.FLASH_UserOptionByteConfig), (104 bytes).
    Removing stm32f10x_flash.o(i.FLASH_WaitForLastBank1Operation), (38 bytes).
    Removing stm32f10x_gpio.o(.rev16_text), (4 bytes).
    Removing stm32f10x_gpio.o(.revsh_text), (4 bytes).
    Removing stm32f10x_gpio.o(.rrx_text), (6 bytes).
    Removing stm32f10x_gpio.o(i.GPIO_AFIODeInit), (20 bytes).
    Removing stm32f10x_gpio.o(i.GPIO_DeInit), (200 bytes).
    Removing stm32f10x_gpio.o(i.GPIO_ETH_MediaInterfaceConfig), (12 bytes).
    Removing stm32f10x_gpio.o(i.GPIO_EXTILineConfig), (64 bytes).
    Removing stm32f10x_gpio.o(i.GPIO_EventOutputCmd), (12 bytes).
    Removing stm32f10x_gpio.o(i.GPIO_EventOutputConfig), (32 bytes).
    Removing stm32f10x_gpio.o(i.GPIO_PinLockConfig), (18 bytes).
    Removing stm32f10x_gpio.o(i.GPIO_PinRemapConfig), (144 bytes).
    Removing stm32f10x_gpio.o(i.GPIO_ReadInputData), (8 bytes).
    Removing stm32f10x_gpio.o(i.GPIO_ReadInputDataBit), (18 bytes).
    Removing stm32f10x_gpio.o(i.GPIO_ReadOutputData), (8 bytes).
    Removing stm32f10x_gpio.o(i.GPIO_ReadOutputDataBit), (18 bytes).
    Removing stm32f10x_gpio.o(i.GPIO_ResetBits), (4 bytes).
    Removing stm32f10x_gpio.o(i.GPIO_SetBits), (4 bytes).
    Removing stm32f10x_gpio.o(i.GPIO_StructInit), (16 bytes).
    Removing stm32f10x_gpio.o(i.GPIO_Write), (4 bytes).
    Removing stm32f10x_gpio.o(i.GPIO_WriteBit), (10 bytes).
    Removing stm32f10x_rcc.o(.rev16_text), (4 bytes).
    Removing stm32f10x_rcc.o(.revsh_text), (4 bytes).
    Removing stm32f10x_rcc.o(.rrx_text), (6 bytes).
    Removing stm32f10x_rcc.o(i.RCC_ADCCLKConfig), (24 bytes).
    Removing stm32f10x_rcc.o(i.RCC_AHBPeriphClockCmd), (32 bytes).
    Removing stm32f10x_rcc.o(i.RCC_AdjustHSICalibrationValue), (24 bytes).
    Removing stm32f10x_rcc.o(i.RCC_BackupResetCmd), (12 bytes).
    Removing stm32f10x_rcc.o(i.RCC_ClearFlag), (20 bytes).
    Removing stm32f10x_rcc.o(i.RCC_ClearITPendingBit), (12 bytes).
    Removing stm32f10x_rcc.o(i.RCC_ClockSecuritySystemCmd), (12 bytes).
    Removing stm32f10x_rcc.o(i.RCC_GetITStatus), (24 bytes).
    Removing stm32f10x_rcc.o(i.RCC_HSICmd), (12 bytes).
    Removing stm32f10x_rcc.o(i.RCC_ITConfig), (32 bytes).
    Removing stm32f10x_rcc.o(i.RCC_LSEConfig), (52 bytes).
    Removing stm32f10x_rcc.o(i.RCC_LSICmd), (12 bytes).
    Removing stm32f10x_rcc.o(i.RCC_MCOConfig), (12 bytes).
    Removing stm32f10x_rcc.o(i.RCC_RTCCLKCmd), (12 bytes).
    Removing stm32f10x_rcc.o(i.RCC_RTCCLKConfig), (16 bytes).
    Removing stm32f10x_rcc.o(i.RCC_USBCLKConfig), (12 bytes).
    Removing stm32f10x_rtc.o(.rev16_text), (4 bytes).
    Removing stm32f10x_rtc.o(.revsh_text), (4 bytes).
    Removing stm32f10x_rtc.o(.rrx_text), (6 bytes).
    Removing stm32f10x_rtc.o(i.RTC_ClearFlag), (16 bytes).
    Removing stm32f10x_rtc.o(i.RTC_ClearITPendingBit), (16 bytes).
    Removing stm32f10x_rtc.o(i.RTC_EnterConfigMode), (20 bytes).
    Removing stm32f10x_rtc.o(i.RTC_ExitConfigMode), (20 bytes).
    Removing stm32f10x_rtc.o(i.RTC_GetCounter), (20 bytes).
    Removing stm32f10x_rtc.o(i.RTC_GetDivider), (24 bytes).
    Removing stm32f10x_rtc.o(i.RTC_GetFlagStatus), (24 bytes).
    Removing stm32f10x_rtc.o(i.RTC_GetITStatus), (36 bytes).
    Removing stm32f10x_rtc.o(i.RTC_ITConfig), (32 bytes).
    Removing stm32f10x_rtc.o(i.RTC_SetAlarm), (28 bytes).
    Removing stm32f10x_rtc.o(i.RTC_SetCounter), (28 bytes).
    Removing stm32f10x_rtc.o(i.RTC_SetPrescaler), (32 bytes).
    Removing stm32f10x_rtc.o(i.RTC_WaitForLastTask), (20 bytes).
    Removing stm32f10x_rtc.o(i.RTC_WaitForSynchro), (36 bytes).
    Removing stm32f10x_sdio.o(.rev16_text), (4 bytes).
    Removing stm32f10x_sdio.o(.revsh_text), (4 bytes).
    Removing stm32f10x_sdio.o(.rrx_text), (6 bytes).
    Removing stm32f10x_sdio.o(i.SDIO_CEATAITCmd), (16 bytes).
    Removing stm32f10x_sdio.o(i.SDIO_ClearFlag), (12 bytes).
    Removing stm32f10x_sdio.o(i.SDIO_ClearITPendingBit), (12 bytes).
    Removing stm32f10x_sdio.o(i.SDIO_ClockCmd), (12 bytes).
    Removing stm32f10x_sdio.o(i.SDIO_CmdStructInit), (14 bytes).
    Removing stm32f10x_sdio.o(i.SDIO_CommandCompletionCmd), (12 bytes).
    Removing stm32f10x_sdio.o(i.SDIO_DMACmd), (12 bytes).
    Removing stm32f10x_sdio.o(i.SDIO_DataConfig), (48 bytes).
    Removing stm32f10x_sdio.o(i.SDIO_DataStructInit), (20 bytes).
    Removing stm32f10x_sdio.o(i.SDIO_DeInit), (36 bytes).
    Removing stm32f10x_sdio.o(i.SDIO_GetCommandResponse), (12 bytes).
    Removing stm32f10x_sdio.o(i.SDIO_GetDataCounter), (12 bytes).
    Removing stm32f10x_sdio.o(i.SDIO_GetFIFOCount), (12 bytes).
    Removing stm32f10x_sdio.o(i.SDIO_GetFlagStatus), (24 bytes).
    Removing stm32f10x_sdio.o(i.SDIO_GetITStatus), (24 bytes).
    Removing stm32f10x_sdio.o(i.SDIO_GetPowerState), (16 bytes).
    Removing stm32f10x_sdio.o(i.SDIO_GetResponse), (24 bytes).
    Removing stm32f10x_sdio.o(i.SDIO_ITConfig), (32 bytes).
    Removing stm32f10x_sdio.o(i.SDIO_Init), (48 bytes).
    Removing stm32f10x_sdio.o(i.SDIO_ReadData), (12 bytes).
    Removing stm32f10x_sdio.o(i.SDIO_SendCEATACmd), (12 bytes).
    Removing stm32f10x_sdio.o(i.SDIO_SendCommand), (44 bytes).
    Removing stm32f10x_sdio.o(i.SDIO_SendSDIOSuspendCmd), (12 bytes).
    Removing stm32f10x_sdio.o(i.SDIO_SetPowerState), (28 bytes).
    Removing stm32f10x_sdio.o(i.SDIO_SetSDIOOperation), (12 bytes).
    Removing stm32f10x_sdio.o(i.SDIO_SetSDIOReadWaitMode), (12 bytes).
    Removing stm32f10x_sdio.o(i.SDIO_StartSDIOReadWait), (12 bytes).
    Removing stm32f10x_sdio.o(i.SDIO_StopSDIOReadWait), (12 bytes).
    Removing stm32f10x_sdio.o(i.SDIO_StructInit), (16 bytes).
    Removing stm32f10x_sdio.o(i.SDIO_WriteData), (12 bytes).
    Removing stm32f10x_tim.o(.rev16_text), (4 bytes).
    Removing stm32f10x_tim.o(.revsh_text), (4 bytes).
    Removing stm32f10x_tim.o(.rrx_text), (6 bytes).
    Removing stm32f10x_tim.o(i.TI1_Config), (128 bytes).
    Removing stm32f10x_tim.o(i.TI2_Config), (152 bytes).
    Removing stm32f10x_tim.o(i.TI3_Config), (144 bytes).
    Removing stm32f10x_tim.o(i.TI4_Config), (152 bytes).
    Removing stm32f10x_tim.o(i.TIM_ARRPreloadConfig), (24 bytes).
    Removing stm32f10x_tim.o(i.TIM_BDTRConfig), (32 bytes).
    Removing stm32f10x_tim.o(i.TIM_BDTRStructInit), (18 bytes).
    Removing stm32f10x_tim.o(i.TIM_CCPreloadControl), (24 bytes).
    Removing stm32f10x_tim.o(i.TIM_CCxCmd), (30 bytes).
    Removing stm32f10x_tim.o(i.TIM_CCxNCmd), (30 bytes).
    Removing stm32f10x_tim.o(i.TIM_ClearFlag), (6 bytes).
    Removing stm32f10x_tim.o(i.TIM_ClearOC1Ref), (18 bytes).
    Removing stm32f10x_tim.o(i.TIM_ClearOC2Ref), (24 bytes).
    Removing stm32f10x_tim.o(i.TIM_ClearOC3Ref), (18 bytes).
    Removing stm32f10x_tim.o(i.TIM_ClearOC4Ref), (24 bytes).
    Removing stm32f10x_tim.o(i.TIM_CounterModeConfig), (18 bytes).
    Removing stm32f10x_tim.o(i.TIM_CtrlPWMOutputs), (30 bytes).
    Removing stm32f10x_tim.o(i.TIM_DMACmd), (18 bytes).
    Removing stm32f10x_tim.o(i.TIM_DMAConfig), (10 bytes).
    Removing stm32f10x_tim.o(i.TIM_ETRClockMode1Config), (54 bytes).
    Removing stm32f10x_tim.o(i.TIM_ETRClockMode2Config), (32 bytes).
    Removing stm32f10x_tim.o(i.TIM_ETRConfig), (28 bytes).
    Removing stm32f10x_tim.o(i.TIM_EncoderInterfaceConfig), (66 bytes).
    Removing stm32f10x_tim.o(i.TIM_ForcedOC1Config), (18 bytes).
    Removing stm32f10x_tim.o(i.TIM_ForcedOC2Config), (26 bytes).
    Removing stm32f10x_tim.o(i.TIM_ForcedOC3Config), (18 bytes).
    Removing stm32f10x_tim.o(i.TIM_ForcedOC4Config), (26 bytes).
    Removing stm32f10x_tim.o(i.TIM_GenerateEvent), (4 bytes).
    Removing stm32f10x_tim.o(i.TIM_GetCapture1), (6 bytes).
    Removing stm32f10x_tim.o(i.TIM_GetCapture2), (6 bytes).
    Removing stm32f10x_tim.o(i.TIM_GetCapture3), (6 bytes).
    Removing stm32f10x_tim.o(i.TIM_GetCapture4), (8 bytes).
    Removing stm32f10x_tim.o(i.TIM_GetCounter), (6 bytes).
    Removing stm32f10x_tim.o(i.TIM_GetFlagStatus), (18 bytes).
    Removing stm32f10x_tim.o(i.TIM_GetPrescaler), (6 bytes).
    Removing stm32f10x_tim.o(i.TIM_ICInit), (172 bytes).
    Removing stm32f10x_tim.o(i.TIM_ICStructInit), (18 bytes).
    Removing stm32f10x_tim.o(i.TIM_ITRxExternalClockConfig), (24 bytes).
    Removing stm32f10x_tim.o(i.TIM_InternalClockConfig), (12 bytes).
    Removing stm32f10x_tim.o(i.TIM_OC1FastConfig), (18 bytes).
    Removing stm32f10x_tim.o(i.TIM_OC1Init), (152 bytes).
    Removing stm32f10x_tim.o(i.TIM_OC1NPolarityConfig), (18 bytes).
    Removing stm32f10x_tim.o(i.TIM_OC1PolarityConfig), (18 bytes).
    Removing stm32f10x_tim.o(i.TIM_OC1PreloadConfig), (18 bytes).
    Removing stm32f10x_tim.o(i.TIM_OC2FastConfig), (26 bytes).
    Removing stm32f10x_tim.o(i.TIM_OC2Init), (164 bytes).
    Removing stm32f10x_tim.o(i.TIM_OC2NPolarityConfig), (26 bytes).
    Removing stm32f10x_tim.o(i.TIM_OC2PolarityConfig), (26 bytes).
    Removing stm32f10x_tim.o(i.TIM_OC2PreloadConfig), (26 bytes).
    Removing stm32f10x_tim.o(i.TIM_OC3FastConfig), (18 bytes).
    Removing stm32f10x_tim.o(i.TIM_OC3Init), (160 bytes).
    Removing stm32f10x_tim.o(i.TIM_OC3NPolarityConfig), (26 bytes).
    Removing stm32f10x_tim.o(i.TIM_OC3PolarityConfig), (26 bytes).
    Removing stm32f10x_tim.o(i.TIM_OC3PreloadConfig), (18 bytes).
    Removing stm32f10x_tim.o(i.TIM_OC4FastConfig), (26 bytes).
    Removing stm32f10x_tim.o(i.TIM_OC4Init), (124 bytes).
    Removing stm32f10x_tim.o(i.TIM_OC4PolarityConfig), (26 bytes).
    Removing stm32f10x_tim.o(i.TIM_OC4PreloadConfig), (26 bytes).
    Removing stm32f10x_tim.o(i.TIM_OCStructInit), (20 bytes).
    Removing stm32f10x_tim.o(i.TIM_PWMIConfig), (124 bytes).
    Removing stm32f10x_tim.o(i.TIM_PrescalerConfig), (6 bytes).
    Removing stm32f10x_tim.o(i.TIM_SelectCCDMA), (24 bytes).
    Removing stm32f10x_tim.o(i.TIM_SelectCOM), (24 bytes).
    Removing stm32f10x_tim.o(i.TIM_SelectHallSensor), (24 bytes).
    Removing stm32f10x_tim.o(i.TIM_SelectInputTrigger), (18 bytes).
    Removing stm32f10x_tim.o(i.TIM_SelectMasterSlaveMode), (18 bytes).
    Removing stm32f10x_tim.o(i.TIM_SelectOCxM), (82 bytes).
    Removing stm32f10x_tim.o(i.TIM_SelectOnePulseMode), (18 bytes).
    Removing stm32f10x_tim.o(i.TIM_SelectOutputTrigger), (18 bytes).
    Removing stm32f10x_tim.o(i.TIM_SelectSlaveMode), (18 bytes).
    Removing stm32f10x_tim.o(i.TIM_SetAutoreload), (4 bytes).
    Removing stm32f10x_tim.o(i.TIM_SetClockDivision), (18 bytes).
    Removing stm32f10x_tim.o(i.TIM_SetCompare1), (4 bytes).
    Removing stm32f10x_tim.o(i.TIM_SetCompare2), (4 bytes).
    Removing stm32f10x_tim.o(i.TIM_SetCompare3), (4 bytes).
    Removing stm32f10x_tim.o(i.TIM_SetCompare4), (6 bytes).
    Removing stm32f10x_tim.o(i.TIM_SetIC1Prescaler), (18 bytes).
    Removing stm32f10x_tim.o(i.TIM_SetIC2Prescaler), (26 bytes).
    Removing stm32f10x_tim.o(i.TIM_SetIC3Prescaler), (18 bytes).
    Removing stm32f10x_tim.o(i.TIM_SetIC4Prescaler), (26 bytes).
    Removing stm32f10x_tim.o(i.TIM_TIxExternalClockConfig), (62 bytes).
    Removing stm32f10x_tim.o(i.TIM_TimeBaseStructInit), (18 bytes).
    Removing stm32f10x_tim.o(i.TIM_UpdateDisableConfig), (24 bytes).
    Removing stm32f10x_tim.o(i.TIM_UpdateRequestConfig), (24 bytes).
    Removing stm32f10x_usart.o(.rev16_text), (4 bytes).
    Removing stm32f10x_usart.o(.revsh_text), (4 bytes).
    Removing stm32f10x_usart.o(.rrx_text), (6 bytes).
    Removing stm32f10x_usart.o(i.USART_ClearFlag), (18 bytes).
    Removing stm32f10x_usart.o(i.USART_ClockInit), (34 bytes).
    Removing stm32f10x_usart.o(i.USART_ClockStructInit), (12 bytes).
    Removing stm32f10x_usart.o(i.USART_DMACmd), (18 bytes).
    Removing stm32f10x_usart.o(i.USART_GetFlagStatus), (26 bytes).
    Removing stm32f10x_usart.o(i.USART_HalfDuplexCmd), (24 bytes).
    Removing stm32f10x_usart.o(i.USART_IrDACmd), (24 bytes).
    Removing stm32f10x_usart.o(i.USART_IrDAConfig), (18 bytes).
    Removing stm32f10x_usart.o(i.USART_LINBreakDetectLengthConfig), (18 bytes).
    Removing stm32f10x_usart.o(i.USART_LINCmd), (24 bytes).
    Removing stm32f10x_usart.o(i.USART_OneBitMethodCmd), (24 bytes).
    Removing stm32f10x_usart.o(i.USART_OverSampling8Cmd), (22 bytes).
    Removing stm32f10x_usart.o(i.USART_ReceiverWakeUpCmd), (24 bytes).
    Removing stm32f10x_usart.o(i.USART_SendBreak), (10 bytes).
    Removing stm32f10x_usart.o(i.USART_SetAddress), (18 bytes).
    Removing stm32f10x_usart.o(i.USART_SetGuardTime), (16 bytes).
    Removing stm32f10x_usart.o(i.USART_SetPrescaler), (16 bytes).
    Removing stm32f10x_usart.o(i.USART_SmartCardCmd), (24 bytes).
    Removing stm32f10x_usart.o(i.USART_SmartCardNACKCmd), (24 bytes).
    Removing stm32f10x_usart.o(i.USART_WakeUpConfig), (18 bytes).
    Removing gpio_stm32f10x.o(.rev16_text), (4 bytes).
    Removing gpio_stm32f10x.o(.revsh_text), (4 bytes).
    Removing gpio_stm32f10x.o(.rrx_text), (6 bytes).
    Removing gpio_stm32f10x.o(i.GPIO_AFConfigure), (88 bytes).
    Removing gpio_stm32f10x.o(i.GPIO_PinConfigure), (92 bytes).
    Removing gpio_stm32f10x.o(i.GPIO_PortClock), (316 bytes).

311 unused section(s) (total 8986 bytes) removed from the image.

==============================================================================

Image Symbol Table

    Local Symbols

    Symbol Name                              Value     Ov Type        Size  Object(Section)

    ../clib/angel/boardlib.s                 0x00000000   Number         0  boardshut.o ABSOLUTE
    ../clib/angel/boardlib.s                 0x00000000   Number         0  boardinit1.o ABSOLUTE
    ../clib/angel/boardlib.s                 0x00000000   Number         0  boardinit2.o ABSOLUTE
    ../clib/angel/boardlib.s                 0x00000000   Number         0  boardinit3.o ABSOLUTE
    ../clib/angel/handlers.s                 0x00000000   Number         0  __scatter_copy.o ABSOLUTE
    ../clib/angel/handlers.s                 0x00000000   Number         0  __scatter_zi.o ABSOLUTE
    ../clib/angel/kernel.s                   0x00000000   Number         0  __rtentry4.o ABSOLUTE
    ../clib/angel/kernel.s                   0x00000000   Number         0  rtexit2.o ABSOLUTE
    ../clib/angel/kernel.s                   0x00000000   Number         0  __rtentry2.o ABSOLUTE
    ../clib/angel/kernel.s                   0x00000000   Number         0  __rtentry.o ABSOLUTE
    ../clib/angel/kernel.s                   0x00000000   Number         0  rtexit.o ABSOLUTE
    ../clib/angel/rt.s                       0x00000000   Number         0  rt_raise.o ABSOLUTE
    ../clib/angel/scatter.s                  0x00000000   Number         0  __scatter.o ABSOLUTE
    ../clib/angel/startup.s                  0x00000000   Number         0  __main.o ABSOLUTE
    ../clib/angel/sys.s                      0x00000000   Number         0  sys_stackheap_outer.o ABSOLUTE
    ../clib/angel/sys.s                      0x00000000   Number         0  use_no_semi.o ABSOLUTE
    ../clib/angel/sys.s                      0x00000000   Number         0  indicate_semi.o ABSOLUTE
    ../clib/angel/sys.s                      0x00000000   Number         0  libspace.o ABSOLUTE
    ../clib/angel/sysapp.c                   0x00000000   Number         0  sys_exit.o ABSOLUTE
    ../clib/angel/sysapp.c                   0x00000000   Number         0  sys_command.o ABSOLUTE
    ../clib/angel/sysapp.c                   0x00000000   Number         0  sys_wrch.o ABSOLUTE
    ../clib/armsys.c                         0x00000000   Number         0  argv_veneer.o ABSOLUTE
    ../clib/armsys.c                         0x00000000   Number         0  argv_veneer.o ABSOLUTE
    ../clib/armsys.c                         0x00000000   Number         0  _get_argv_nomalloc.o ABSOLUTE
    ../clib/armsys.c                         0x00000000   Number         0  no_argv.o ABSOLUTE
    ../clib/heapalloc.c                      0x00000000   Number         0  hrguard.o ABSOLUTE
    ../clib/heapaux.c                        0x00000000   Number         0  heapauxi.o ABSOLUTE
    ../clib/libinit.s                        0x00000000   Number         0  libshutdown2.o ABSOLUTE
    ../clib/libinit.s                        0x00000000   Number         0  libinit2.o ABSOLUTE
    ../clib/libinit.s                        0x00000000   Number         0  libinit.o ABSOLUTE
    ../clib/libinit.s                        0x00000000   Number         0  libshutdown.o ABSOLUTE
    ../clib/memcpset.s                       0x00000000   Number         0  rt_memcpy_w.o ABSOLUTE
    ../clib/memcpset.s                       0x00000000   Number         0  rt_memclr_w.o ABSOLUTE
    ../clib/memcpset.s                       0x00000000   Number         0  rt_memcpy_v6.o ABSOLUTE
    ../clib/signal.c                         0x00000000   Number         0  defsig_exit.o ABSOLUTE
    ../clib/signal.c                         0x00000000   Number         0  __raise.o ABSOLUTE
    ../clib/signal.c                         0x00000000   Number         0  defsig_rtmem_outer.o ABSOLUTE
    ../clib/signal.c                         0x00000000   Number         0  defsig_rtmem_inner.o ABSOLUTE
    ../clib/signal.c                         0x00000000   Number         0  defsig_general.o ABSOLUTE
    ../clib/signal.c                         0x00000000   Number         0  defsig_abrt_inner.o ABSOLUTE
    ../clib/signal.c                         0x00000000   Number         0  defsig_fpe_inner.o ABSOLUTE
    ../clib/signal.c                         0x00000000   Number         0  defsig_rtred_inner.o ABSOLUTE
    ../clib/signal.c                         0x00000000   Number         0  defsig_pvfn_inner.o ABSOLUTE
    ../clib/signal.c                         0x00000000   Number         0  defsig_cppl_inner.o ABSOLUTE
    ../clib/signal.c                         0x00000000   Number         0  defsig_rtmem_formal.o ABSOLUTE
    ../clib/signal.c                         0x00000000   Number         0  defsig_segv_inner.o ABSOLUTE
    ../clib/signal.c                         0x00000000   Number         0  defsig_other.o ABSOLUTE
    ../clib/signal.c                         0x00000000   Number         0  defsig_stak_inner.o ABSOLUTE
    ../clib/signal.s                         0x00000000   Number         0  defsig.o ABSOLUTE
    ../clib/stdlib.c                         0x00000000   Number         0  exit.o ABSOLUTE
    ../clib/string.c                         0x00000000   Number         0  strcat.o ABSOLUTE
    ../clib/string.c                         0x00000000   Number         0  strlen.o ABSOLUTE
    ../clib/string.c                         0x00000000   Number         0  strcpy.o ABSOLUTE
    ../fplib/fpinit.s                        0x00000000   Number         0  fpinit.o ABSOLUTE
    ..\\src\\app\\bsp.c                      0x00000000   Number         0  bsp.o ABSOLUTE
    ..\\src\\app\\comm\\common.c             0x00000000   Number         0  common.o ABSOLUTE
    ..\\src\\app\\download\\download.c       0x00000000   Number         0  download.o ABSOLUTE
    ..\\src\\app\\main.c                     0x00000000   Number         0  main.o ABSOLUTE
    ..\\src\\app\\ymodem\\ymodem.c           0x00000000   Number         0  ymodem.o ABSOLUTE
    ..\\src\\sys\\led\\led.c                 0x00000000   Number         0  led.o ABSOLUTE
    ..\\src\\sys\\pub\\pub.c                 0x00000000   Number         0  pub.o ABSOLUTE
    ..\\src\\sys\\timer\\BspTime2.c          0x00000000   Number         0  bsptime2.o ABSOLUTE
    ..\\src\\sys\\timer\\BspTime3.c          0x00000000   Number         0  bsptime3.o ABSOLUTE
    ..\\src\\sys\\uart\\uart.c               0x00000000   Number         0  uart.o ABSOLUTE
    ..\src\app\bsp.c                         0x00000000   Number         0  bsp.o ABSOLUTE
    ..\src\app\comm\common.c                 0x00000000   Number         0  common.o ABSOLUTE
    ..\src\app\download\download.c           0x00000000   Number         0  download.o ABSOLUTE
    ..\src\app\main.c                        0x00000000   Number         0  main.o ABSOLUTE
    ..\src\app\ymodem\ymodem.c               0x00000000   Number         0  ymodem.o ABSOLUTE
    ..\src\sys\led\led.c                     0x00000000   Number         0  led.o ABSOLUTE
    ..\src\sys\pub\pub.c                     0x00000000   Number         0  pub.o ABSOLUTE
    ..\src\sys\timer\BspTime2.c              0x00000000   Number         0  bsptime2.o ABSOLUTE
    ..\src\sys\timer\BspTime3.c              0x00000000   Number         0  bsptime3.o ABSOLUTE
    ..\src\sys\uart\uart.c                   0x00000000   Number         0  uart.o ABSOLUTE
    RTE\Device\STM32F103ZE\startup_stm32f10x_hd.s 0x00000000   Number         0  startup_stm32f10x_hd.o ABSOLUTE
    RTE\Device\STM32F103ZE\system_stm32f10x.c 0x00000000   Number         0  system_stm32f10x.o ABSOLUTE
    RTE\\Device\\STM32F103ZE\\system_stm32f10x.c 0x00000000   Number         0  system_stm32f10x.o ABSOLUTE
    d:\Keil_v5\ARM\PACK\Keil\STM32F1xx_DFP\1.1.0\Device\StdPeriph_Driver\src\misc.c 0x00000000   Number         0  misc.o ABSOLUTE
    d:\Keil_v5\ARM\PACK\Keil\STM32F1xx_DFP\1.1.0\Device\StdPeriph_Driver\src\stm32f10x_dbgmcu.c 0x00000000   Number         0  stm32f10x_dbgmcu.o ABSOLUTE
    d:\Keil_v5\ARM\PACK\Keil\STM32F1xx_DFP\1.1.0\Device\StdPeriph_Driver\src\stm32f10x_dma.c 0x00000000   Number         0  stm32f10x_dma.o ABSOLUTE
    d:\Keil_v5\ARM\PACK\Keil\STM32F1xx_DFP\1.1.0\Device\StdPeriph_Driver\src\stm32f10x_exti.c 0x00000000   Number         0  stm32f10x_exti.o ABSOLUTE
    d:\Keil_v5\ARM\PACK\Keil\STM32F1xx_DFP\1.1.0\Device\StdPeriph_Driver\src\stm32f10x_flash.c 0x00000000   Number         0  stm32f10x_flash.o ABSOLUTE
    d:\Keil_v5\ARM\PACK\Keil\STM32F1xx_DFP\1.1.0\Device\StdPeriph_Driver\src\stm32f10x_gpio.c 0x00000000   Number         0  stm32f10x_gpio.o ABSOLUTE
    d:\Keil_v5\ARM\PACK\Keil\STM32F1xx_DFP\1.1.0\Device\StdPeriph_Driver\src\stm32f10x_rcc.c 0x00000000   Number         0  stm32f10x_rcc.o ABSOLUTE
    d:\Keil_v5\ARM\PACK\Keil\STM32F1xx_DFP\1.1.0\Device\StdPeriph_Driver\src\stm32f10x_rtc.c 0x00000000   Number         0  stm32f10x_rtc.o ABSOLUTE
    d:\Keil_v5\ARM\PACK\Keil\STM32F1xx_DFP\1.1.0\Device\StdPeriph_Driver\src\stm32f10x_sdio.c 0x00000000   Number         0  stm32f10x_sdio.o ABSOLUTE
    d:\Keil_v5\ARM\PACK\Keil\STM32F1xx_DFP\1.1.0\Device\StdPeriph_Driver\src\stm32f10x_tim.c 0x00000000   Number         0  stm32f10x_tim.o ABSOLUTE
    d:\Keil_v5\ARM\PACK\Keil\STM32F1xx_DFP\1.1.0\Device\StdPeriph_Driver\src\stm32f10x_usart.c 0x00000000   Number         0  stm32f10x_usart.o ABSOLUTE
    d:\Keil_v5\ARM\PACK\Keil\STM32F1xx_DFP\1.1.0\RTE_Driver\GPIO_STM32F10x.c 0x00000000   Number         0  gpio_stm32f10x.o ABSOLUTE
    d:\\Keil_v5\\ARM\\PACK\\Keil\\STM32F1xx_DFP\\1.1.0\\Device\\StdPeriph_Driver\\src\\misc.c 0x00000000   Number         0  misc.o ABSOLUTE
    d:\\Keil_v5\\ARM\\PACK\\Keil\\STM32F1xx_DFP\\1.1.0\\Device\\StdPeriph_Driver\\src\\stm32f10x_dbgmcu.c 0x00000000   Number         0  stm32f10x_dbgmcu.o ABSOLUTE
    d:\\Keil_v5\\ARM\\PACK\\Keil\\STM32F1xx_DFP\\1.1.0\\Device\\StdPeriph_Driver\\src\\stm32f10x_dma.c 0x00000000   Number         0  stm32f10x_dma.o ABSOLUTE
    d:\\Keil_v5\\ARM\\PACK\\Keil\\STM32F1xx_DFP\\1.1.0\\Device\\StdPeriph_Driver\\src\\stm32f10x_exti.c 0x00000000   Number         0  stm32f10x_exti.o ABSOLUTE
    d:\\Keil_v5\\ARM\\PACK\\Keil\\STM32F1xx_DFP\\1.1.0\\Device\\StdPeriph_Driver\\src\\stm32f10x_flash.c 0x00000000   Number         0  stm32f10x_flash.o ABSOLUTE
    d:\\Keil_v5\\ARM\\PACK\\Keil\\STM32F1xx_DFP\\1.1.0\\Device\\StdPeriph_Driver\\src\\stm32f10x_gpio.c 0x00000000   Number         0  stm32f10x_gpio.o ABSOLUTE
    d:\\Keil_v5\\ARM\\PACK\\Keil\\STM32F1xx_DFP\\1.1.0\\Device\\StdPeriph_Driver\\src\\stm32f10x_rcc.c 0x00000000   Number         0  stm32f10x_rcc.o ABSOLUTE
    d:\\Keil_v5\\ARM\\PACK\\Keil\\STM32F1xx_DFP\\1.1.0\\Device\\StdPeriph_Driver\\src\\stm32f10x_rtc.c 0x00000000   Number         0  stm32f10x_rtc.o ABSOLUTE
    d:\\Keil_v5\\ARM\\PACK\\Keil\\STM32F1xx_DFP\\1.1.0\\Device\\StdPeriph_Driver\\src\\stm32f10x_sdio.c 0x00000000   Number         0  stm32f10x_sdio.o ABSOLUTE
    d:\\Keil_v5\\ARM\\PACK\\Keil\\STM32F1xx_DFP\\1.1.0\\Device\\StdPeriph_Driver\\src\\stm32f10x_tim.c 0x00000000   Number         0  stm32f10x_tim.o ABSOLUTE
    d:\\Keil_v5\\ARM\\PACK\\Keil\\STM32F1xx_DFP\\1.1.0\\Device\\StdPeriph_Driver\\src\\stm32f10x_usart.c 0x00000000   Number         0  stm32f10x_usart.o ABSOLUTE
    d:\\Keil_v5\\ARM\\PACK\\Keil\\STM32F1xx_DFP\\1.1.0\\RTE_Driver\\GPIO_STM32F10x.c 0x00000000   Number         0  gpio_stm32f10x.o ABSOLUTE
    dc.s                                     0x00000000   Number         0  dc.o ABSOLUTE
    RESET                                    0x08000000   Section      304  startup_stm32f10x_hd.o(RESET)
    !!!main                                  0x08000130   Section        8  __main.o(!!!main)
    !!!scatter                               0x08000138   Section       52  __scatter.o(!!!scatter)
    !!handler_copy                           0x0800016c   Section       26  __scatter_copy.o(!!handler_copy)
    !!handler_zi                             0x08000188   Section       28  __scatter_zi.o(!!handler_zi)
    .ARM.Collect$$libinit$$00000000          0x080001a4   Section        2  libinit.o(.ARM.Collect$$libinit$$00000000)
    .ARM.Collect$$libinit$$00000002          0x080001a6   Section        0  libinit2.o(.ARM.Collect$$libinit$$00000002)
    .ARM.Collect$$libinit$$00000004          0x080001a6   Section        0  libinit2.o(.ARM.Collect$$libinit$$00000004)
    .ARM.Collect$$libinit$$0000000A          0x080001a6   Section        0  libinit2.o(.ARM.Collect$$libinit$$0000000A)
    .ARM.Collect$$libinit$$0000000C          0x080001a6   Section        0  libinit2.o(.ARM.Collect$$libinit$$0000000C)
    .ARM.Collect$$libinit$$0000000E          0x080001a6   Section        0  libinit2.o(.ARM.Collect$$libinit$$0000000E)
    .ARM.Collect$$libinit$$00000011          0x080001a6   Section        0  libinit2.o(.ARM.Collect$$libinit$$00000011)
    .ARM.Collect$$libinit$$00000013          0x080001a6   Section        0  libinit2.o(.ARM.Collect$$libinit$$00000013)
    .ARM.Collect$$libinit$$00000015          0x080001a6   Section        0  libinit2.o(.ARM.Collect$$libinit$$00000015)
    .ARM.Collect$$libinit$$00000017          0x080001a6   Section        0  libinit2.o(.ARM.Collect$$libinit$$00000017)
    .ARM.Collect$$libinit$$00000019          0x080001a6   Section        0  libinit2.o(.ARM.Collect$$libinit$$00000019)
    .ARM.Collect$$libinit$$0000001B          0x080001a6   Section        0  libinit2.o(.ARM.Collect$$libinit$$0000001B)
    .ARM.Collect$$libinit$$0000001D          0x080001a6   Section        0  libinit2.o(.ARM.Collect$$libinit$$0000001D)
    .ARM.Collect$$libinit$$0000001F          0x080001a6   Section        0  libinit2.o(.ARM.Collect$$libinit$$0000001F)
    .ARM.Collect$$libinit$$00000021          0x080001a6   Section        0  libinit2.o(.ARM.Collect$$libinit$$00000021)
    .ARM.Collect$$libinit$$00000023          0x080001a6   Section        0  libinit2.o(.ARM.Collect$$libinit$$00000023)
    .ARM.Collect$$libinit$$00000025          0x080001a6   Section        0  libinit2.o(.ARM.Collect$$libinit$$00000025)
    .ARM.Collect$$libinit$$0000002C          0x080001a6   Section        0  libinit2.o(.ARM.Collect$$libinit$$0000002C)
    .ARM.Collect$$libinit$$0000002E          0x080001a6   Section        0  libinit2.o(.ARM.Collect$$libinit$$0000002E)
    .ARM.Collect$$libinit$$00000030          0x080001a6   Section        0  libinit2.o(.ARM.Collect$$libinit$$00000030)
    .ARM.Collect$$libinit$$00000032          0x080001a6   Section        0  libinit2.o(.ARM.Collect$$libinit$$00000032)
    .ARM.Collect$$libinit$$00000033          0x080001a6   Section        2  libinit2.o(.ARM.Collect$$libinit$$00000033)
    .ARM.Collect$$libshutdown$$00000000      0x080001a8   Section        2  libshutdown.o(.ARM.Collect$$libshutdown$$00000000)
    .ARM.Collect$$libshutdown$$00000002      0x080001aa   Section        0  libshutdown2.o(.ARM.Collect$$libshutdown$$00000002)
    .ARM.Collect$$libshutdown$$00000004      0x080001aa   Section        0  libshutdown2.o(.ARM.Collect$$libshutdown$$00000004)
    .ARM.Collect$$libshutdown$$00000007      0x080001aa   Section        0  libshutdown2.o(.ARM.Collect$$libshutdown$$00000007)
    .ARM.Collect$$libshutdown$$0000000A      0x080001aa   Section        0  libshutdown2.o(.ARM.Collect$$libshutdown$$0000000A)
    .ARM.Collect$$libshutdown$$0000000C      0x080001aa   Section        0  libshutdown2.o(.ARM.Collect$$libshutdown$$0000000C)
    .ARM.Collect$$libshutdown$$0000000F      0x080001aa   Section        0  libshutdown2.o(.ARM.Collect$$libshutdown$$0000000F)
    .ARM.Collect$$libshutdown$$00000010      0x080001aa   Section        2  libshutdown2.o(.ARM.Collect$$libshutdown$$00000010)
    .ARM.Collect$$rtentry$$00000000          0x080001ac   Section        0  __rtentry.o(.ARM.Collect$$rtentry$$00000000)
    .ARM.Collect$$rtentry$$00000002          0x080001ac   Section        0  __rtentry2.o(.ARM.Collect$$rtentry$$00000002)
    .ARM.Collect$$rtentry$$00000004          0x080001ac   Section        6  __rtentry4.o(.ARM.Collect$$rtentry$$00000004)
    .ARM.Collect$$rtentry$$00000009          0x080001b2   Section        0  __rtentry2.o(.ARM.Collect$$rtentry$$00000009)
    .ARM.Collect$$rtentry$$0000000A          0x080001b2   Section        4  __rtentry2.o(.ARM.Collect$$rtentry$$0000000A)
    .ARM.Collect$$rtentry$$0000000C          0x080001b6   Section        0  __rtentry2.o(.ARM.Collect$$rtentry$$0000000C)
    .ARM.Collect$$rtentry$$0000000D          0x080001b6   Section        8  __rtentry2.o(.ARM.Collect$$rtentry$$0000000D)
    .ARM.Collect$$rtexit$$00000000           0x080001be   Section        2  rtexit.o(.ARM.Collect$$rtexit$$00000000)
    .ARM.Collect$$rtexit$$00000002           0x080001c0   Section        0  rtexit2.o(.ARM.Collect$$rtexit$$00000002)
    .ARM.Collect$$rtexit$$00000003           0x080001c0   Section        4  rtexit2.o(.ARM.Collect$$rtexit$$00000003)
    .ARM.Collect$$rtexit$$00000004           0x080001c4   Section        6  rtexit2.o(.ARM.Collect$$rtexit$$00000004)
    .emb_text                                0x080001cc   Section        6  pub.o(.emb_text)
    .text                                    0x080001d4   Section       64  startup_stm32f10x_hd.o(.text)
    .text                                    0x08000214   Section        0  strcpy.o(.text)
    .text                                    0x0800025c   Section        0  strlen.o(.text)
    .text                                    0x0800029a   Section        0  strcat.o(.text)
    .text                                    0x080002b2   Section      138  rt_memcpy_v6.o(.text)
    .text                                    0x0800033c   Section       78  rt_memclr_w.o(.text)
    .text                                    0x0800038a   Section        0  heapauxi.o(.text)
    .text                                    0x08000390   Section      100  rt_memcpy_w.o(.text)
    .text                                    0x080003f4   Section       74  sys_stackheap_outer.o(.text)
    .text                                    0x0800043e   Section        0  exit.o(.text)
    .text                                    0x08000450   Section        8  libspace.o(.text)
    .text                                    0x08000458   Section        0  sys_exit.o(.text)
    .text                                    0x08000464   Section        2  use_no_semi.o(.text)
    .text                                    0x08000466   Section        0  indicate_semi.o(.text)
    i.AppChoose                              0x08000468   Section        0  common.o(i.AppChoose)
    AppChoose                                0x08000469   Thumb Code   114  common.o(i.AppChoose)
    i.BspClose                               0x080004f0   Section        0  bsp.o(i.BspClose)
    i.BspInit                                0x08000500   Section        0  bsp.o(i.BspInit)
    i.BspTim2Close                           0x0800054c   Section        0  bsptime2.o(i.BspTim2Close)
    i.BspTim2Init                            0x08000564   Section        0  bsptime2.o(i.BspTim2Init)
    i.BspTim3Close                           0x080005ac   Section        0  bsptime3.o(i.BspTim3Close)
    i.BspTim3Init                            0x080005d0   Section        0  bsptime3.o(i.BspTim3Init)
    i.BspTim3Open                            0x08000624   Section        0  bsptime3.o(i.BspTim3Open)
    i.BspTim3SetIRQCallBack                  0x08000648   Section        0  bsptime3.o(i.BspTim3SetIRQCallBack)
    i.BspUsart1Close                         0x08000654   Section        0  uart.o(i.BspUsart1Close)
    i.BspUsart1IRQCallBack                   0x080006b8   Section        0  uart.o(i.BspUsart1IRQCallBack)
    i.BspUsart1Init                          0x080006c4   Section        0  uart.o(i.BspUsart1Init)
    i.BspUsart1Send                          0x08000764   Section        0  uart.o(i.BspUsart1Send)
    i.CommonExec                             0x080007d4   Section        0  common.o(i.CommonExec)
    i.CommonInit                             0x08000840   Section        0  common.o(i.CommonInit)
    i.DisplayMessage                         0x08000858   Section        0  common.o(i.DisplayMessage)
    DisplayMessage                           0x08000859   Thumb Code    68  common.o(i.DisplayMessage)
    i.FLASH_ErasePage                        0x0800094c   Section        0  stm32f10x_flash.o(i.FLASH_ErasePage)
    i.FLASH_GetBank1Status                   0x08000998   Section        0  stm32f10x_flash.o(i.FLASH_GetBank1Status)
    i.FLASH_Lock                             0x080009cc   Section        0  stm32f10x_flash.o(i.FLASH_Lock)
    i.FLASH_PagesMask                        0x080009e0   Section        0  download.o(i.FLASH_PagesMask)
    FLASH_PagesMask                          0x080009e1   Thumb Code    24  download.o(i.FLASH_PagesMask)
    i.FLASH_PrefetchBufferCmd                0x080009f8   Section        0  stm32f10x_flash.o(i.FLASH_PrefetchBufferCmd)
    i.FLASH_ProgramDone                      0x08000a14   Section        0  download.o(i.FLASH_ProgramDone)
    i.FLASH_ProgramHalfWord                  0x08000a1c   Section        0  stm32f10x_flash.o(i.FLASH_ProgramHalfWord)
    i.FLASH_ProgramStart                     0x08000a5c   Section        0  download.o(i.FLASH_ProgramStart)
    i.FLASH_SetLatency                       0x08000aa0   Section        0  stm32f10x_flash.o(i.FLASH_SetLatency)
    i.FLASH_Unlock                           0x08000ab8   Section        0  stm32f10x_flash.o(i.FLASH_Unlock)
    i.FLASH_WaitForLastOperation             0x08000ad0   Section        0  stm32f10x_flash.o(i.FLASH_WaitForLastOperation)
    i.FLASH_WriteBank                        0x08000af6   Section        0  download.o(i.FLASH_WriteBank)
    i.GPIO_Init                              0x08000b2e   Section        0  stm32f10x_gpio.o(i.GPIO_Init)
    i.InputSelect                            0x08000c44   Section        0  common.o(i.InputSelect)
    InputSelect                              0x08000c45   Thumb Code    84  common.o(i.InputSelect)
    i.JumpToApp                              0x08000cdc   Section        0  common.o(i.JumpToApp)
    JumpToApp                                0x08000cdd   Thumb Code    52  common.o(i.JumpToApp)
    i.NVIC_Init                              0x08000d20   Section        0  misc.o(i.NVIC_Init)
    i.NVIC_PriorityGroupConfig               0x08000d90   Section        0  misc.o(i.NVIC_PriorityGroupConfig)
    i.NVIC_SetVectorTable                    0x08000da4   Section        0  misc.o(i.NVIC_SetVectorTable)
    i.Print                                  0x08000db8   Section        0  common.o(i.Print)
    Print                                    0x08000db9   Thumb Code    30  common.o(i.Print)
    i.Pub_Nvic_Config                        0x08000dd6   Section        0  pub.o(i.Pub_Nvic_Config)
    i.RCC_APB1PeriphClockCmd                 0x08000df8   Section        0  stm32f10x_rcc.o(i.RCC_APB1PeriphClockCmd)
    i.RCC_APB1PeriphResetCmd                 0x08000e18   Section        0  stm32f10x_rcc.o(i.RCC_APB1PeriphResetCmd)
    i.RCC_APB2PeriphClockCmd                 0x08000e38   Section        0  stm32f10x_rcc.o(i.RCC_APB2PeriphClockCmd)
    i.RCC_APB2PeriphResetCmd                 0x08000e58   Section        0  stm32f10x_rcc.o(i.RCC_APB2PeriphResetCmd)
    i.RCC_Configuration                      0x08000e78   Section        0  bsp.o(i.RCC_Configuration)
    RCC_Configuration                        0x08000e79   Thumb Code   116  bsp.o(i.RCC_Configuration)
    i.RCC_DeInit                             0x08000eec   Section        0  stm32f10x_rcc.o(i.RCC_DeInit)
    i.RCC_GetClocksFreq                      0x08000f38   Section        0  stm32f10x_rcc.o(i.RCC_GetClocksFreq)
    i.RCC_GetFlagStatus                      0x0800100c   Section        0  stm32f10x_rcc.o(i.RCC_GetFlagStatus)
    i.RCC_GetSYSCLKSource                    0x08001048   Section        0  stm32f10x_rcc.o(i.RCC_GetSYSCLKSource)
    i.RCC_HCLKConfig                         0x08001058   Section        0  stm32f10x_rcc.o(i.RCC_HCLKConfig)
    i.RCC_HSEConfig                          0x08001070   Section        0  stm32f10x_rcc.o(i.RCC_HSEConfig)
    i.RCC_PCLK1Config                        0x080010bc   Section        0  stm32f10x_rcc.o(i.RCC_PCLK1Config)
    i.RCC_PCLK2Config                        0x080010d4   Section        0  stm32f10x_rcc.o(i.RCC_PCLK2Config)
    i.RCC_PLLCmd                             0x080010ec   Section        0  stm32f10x_rcc.o(i.RCC_PLLCmd)
    i.RCC_PLLConfig                          0x080010f8   Section        0  stm32f10x_rcc.o(i.RCC_PLLConfig)
    i.RCC_SYSCLKConfig                       0x08001114   Section        0  stm32f10x_rcc.o(i.RCC_SYSCLKConfig)
    i.RCC_WaitForHSEStartUp                  0x0800112c   Section        0  stm32f10x_rcc.o(i.RCC_WaitForHSEStartUp)
    i.ReceOneChar                            0x08001164   Section        0  common.o(i.ReceOneChar)
    ReceOneChar                              0x08001165   Thumb Code    48  common.o(i.ReceOneChar)
    i.ReceiveData                            0x08001198   Section        0  common.o(i.ReceiveData)
    ReceiveData                              0x08001199   Thumb Code   148  common.o(i.ReceiveData)
    i.ReceivePacket                          0x0800124c   Section        0  ymodem.o(i.ReceivePacket)
    ReceivePacket                            0x0800124d   Thumb Code   182  ymodem.o(i.ReceivePacket)
    i.SetSysClock                            0x08001302   Section        0  system_stm32f10x.o(i.SetSysClock)
    SetSysClock                              0x08001303   Thumb Code     8  system_stm32f10x.o(i.SetSysClock)
    i.SetSysClockTo72                        0x0800130c   Section        0  system_stm32f10x.o(i.SetSysClockTo72)
    SetSysClockTo72                          0x0800130d   Thumb Code   214  system_stm32f10x.o(i.SetSysClockTo72)
    i.SystemInit                             0x080013ec   Section        0  system_stm32f10x.o(i.SystemInit)
    i.TIM2_IRQHandler                        0x0800144c   Section        0  bsptime2.o(i.TIM2_IRQHandler)
    i.TIM3_IRQHandler                        0x08001484   Section        0  bsptime3.o(i.TIM3_IRQHandler)
    i.TIM_ClearITPendingBit                  0x080014b4   Section        0  stm32f10x_tim.o(i.TIM_ClearITPendingBit)
    i.TIM_Cmd                                0x080014ba   Section        0  stm32f10x_tim.o(i.TIM_Cmd)
    i.TIM_DeInit                             0x080014d4   Section        0  stm32f10x_tim.o(i.TIM_DeInit)
    i.TIM_GetITStatus                        0x080016bc   Section        0  stm32f10x_tim.o(i.TIM_GetITStatus)
    i.TIM_ITConfig                           0x080016de   Section        0  stm32f10x_tim.o(i.TIM_ITConfig)
    i.TIM_SetCounter                         0x080016f0   Section        0  stm32f10x_tim.o(i.TIM_SetCounter)
    i.TIM_TimeBaseInit                       0x080016f4   Section        0  stm32f10x_tim.o(i.TIM_TimeBaseInit)
    i.TimEndHandle                           0x08001798   Section        0  common.o(i.TimEndHandle)
    TimEndHandle                             0x08001799   Thumb Code    20  common.o(i.TimEndHandle)
    i.USART1_IRQHandler                      0x080017b0   Section        0  uart.o(i.USART1_IRQHandler)
    i.USART_ClearITPendingBit                0x08001894   Section        0  stm32f10x_usart.o(i.USART_ClearITPendingBit)
    i.USART_Cmd                              0x080018b2   Section        0  stm32f10x_usart.o(i.USART_Cmd)
    i.USART_DeInit                           0x080018cc   Section        0  stm32f10x_usart.o(i.USART_DeInit)
    i.USART_GetITStatus                      0x08001968   Section        0  stm32f10x_usart.o(i.USART_GetITStatus)
    i.USART_ITConfig                         0x080019bc   Section        0  stm32f10x_usart.o(i.USART_ITConfig)
    i.USART_Init                             0x08001a08   Section        0  stm32f10x_usart.o(i.USART_Init)
    i.USART_ReceiveData                      0x08001ae0   Section        0  stm32f10x_usart.o(i.USART_ReceiveData)
    i.USART_SendData                         0x08001aea   Section        0  stm32f10x_usart.o(i.USART_SendData)
    i.USART_StructInit                       0x08001af2   Section        0  stm32f10x_usart.o(i.USART_StructInit)
    i.YModemCrc                              0x08001b0a   Section        0  ymodem.o(i.YModemCrc)
    YModemCrc                                0x08001b0b   Thumb Code    70  ymodem.o(i.YModemCrc)
    i.YmodemReceive                          0x08001b50   Section        0  ymodem.o(i.YmodemReceive)
    i.YmodemSendChar                         0x08001dc8   Section        0  ymodem.o(i.YmodemSendChar)
    i.led_init                               0x08001e04   Section        0  led.o(i.led_init)
    i.led_off                                0x08001e3c   Section        0  led.o(i.led_off)
    i.led_on                                 0x08001e54   Section        0  led.o(i.led_on)
    i.main                                   0x08001e6c   Section        0  main.o(i.main)
    .data                                    0x20000000   Section       41  common.o(.data)
    JumpToApplication                        0x20000000   Data           4  common.o(.data)
    FunReceEnter                             0x20000004   Data           4  common.o(.data)
    FunReceExit                              0x20000008   Data           4  common.o(.data)
    FunWrite                                 0x2000000c   Data           4  common.o(.data)
    FunCurrentProcess                        0x20000010   Data           4  common.o(.data)
    m_JumpAddress                            0x20000014   Data           4  common.o(.data)
    m_ProgramAddr                            0x20000018   Data           4  common.o(.data)
    m_Mode                                   0x2000001c   Data           1  common.o(.data)
    m_FlashAddress                           0x20000020   Data           4  common.o(.data)
    m_ExtFlashCounter                        0x20000024   Data           4  common.o(.data)
    flg                                      0x20000028   Data           1  common.o(.data)
    .data                                    0x2000002c   Section       16  ymodem.o(.data)
    stat                                     0x2000002c   Data           1  ymodem.o(.data)
    affirmCount                              0x2000002d   Data           1  ymodem.o(.data)
    iNumber                                  0x20000030   Data           4  ymodem.o(.data)
    sErrorCount                              0x20000034   Data           4  ymodem.o(.data)
    sRecCount                                0x20000038   Data           4  ymodem.o(.data)
    .data                                    0x2000003c   Section       16  led.o(.data)
    SYS_LED                                  0x2000003c   Data          16  led.o(.data)
    .data                                    0x2000004c   Section        8  uart.o(.data)
    sb                                       0x20000050   Data           4  uart.o(.data)
    .data                                    0x20000054   Section        4  bsptime3.o(.data)
    IRQHandler                               0x20000054   Data           4  bsptime3.o(.data)
    .data                                    0x20000058   Section       20  stm32f10x_rcc.o(.data)
    APBAHBPrescTable                         0x20000058   Data          16  stm32f10x_rcc.o(.data)
    ADCPrescTable                            0x20000068   Data           4  stm32f10x_rcc.o(.data)
    .bss                                     0x2000006c   Section     1060  common.o(.bss)
    m_ReceData                               0x2000006c   Data        1060  common.o(.bss)
    .bss                                     0x20000490   Section     1060  uart.o(.bss)
    m_SendBuff                               0x20000490   Data        1060  uart.o(.bss)
    .bss                                     0x200008b4   Section       12  bsptime2.o(.bss)
    .bss                                     0x200008c0   Section       96  libspace.o(.bss)
    HEAP                                     0x20000920   Section      512  startup_stm32f10x_hd.o(HEAP)
    Heap_Mem                                 0x20000920   Data         512  startup_stm32f10x_hd.o(HEAP)
    STACK                                    0x20000b20   Section     1024  startup_stm32f10x_hd.o(STACK)
    Stack_Mem                                0x20000b20   Data        1024  startup_stm32f10x_hd.o(STACK)
    __initial_sp                             0x20000f20   Data           0  startup_stm32f10x_hd.o(STACK)

    Global Symbols

    Symbol Name                              Value     Ov Type        Size  Object(Section)

    BuildAttributes$$THM_ISAv4$P$D$K$B$S$PE$A:L22UL41UL21$X:L11$S22US41US21$IEEE1$IW$USESV6$~STKCKD$USESV7$~SHL$OSPACE$ROPI$EBA8$UX$STANDARDLIB$REQ8$PRES8$EABIv2 0x00000000   Number         0  anon$$obj.o ABSOLUTE
    __ARM_use_no_argv                        0x00000000   Number         0  main.o ABSOLUTE
    __ARM_exceptions_init                     - Undefined Weak Reference
    __alloca_initialize                       - Undefined Weak Reference
    __arm_preinit_                            - Undefined Weak Reference
    __cpp_initialize__aeabi_                  - Undefined Weak Reference
    __cxa_finalize                            - Undefined Weak Reference
    __rt_locale                               - Undefined Weak Reference
    __sigvec_lookup                           - Undefined Weak Reference
    _atexit_init                              - Undefined Weak Reference
    _call_atexit_fns                          - Undefined Weak Reference
    _clock_init                               - Undefined Weak Reference
    _fp_trap_init                             - Undefined Weak Reference
    _fp_trap_shutdown                         - Undefined Weak Reference
    _get_lc_collate                           - Undefined Weak Reference
    _get_lc_ctype                             - Undefined Weak Reference
    _get_lc_monetary                          - Undefined Weak Reference
    _get_lc_numeric                           - Undefined Weak Reference
    _get_lc_time                              - Undefined Weak Reference
    _getenv_init                              - Undefined Weak Reference
    _handle_redirection                       - Undefined Weak Reference
    _init_alloc                               - Undefined Weak Reference
    _init_user_alloc                          - Undefined Weak Reference
    _initio                                   - Undefined Weak Reference
    _rand_init                                - Undefined Weak Reference
    _signal_finish                            - Undefined Weak Reference
    _signal_init                              - Undefined Weak Reference
    _terminate_alloc                          - Undefined Weak Reference
    _terminate_user_alloc                     - Undefined Weak Reference
    _terminateio                              - Undefined Weak Reference
    __Vectors_Size                           0x00000130   Number         0  startup_stm32f10x_hd.o ABSOLUTE
    __Vectors                                0x08000000   Data           4  startup_stm32f10x_hd.o(RESET)
    __Vectors_End                            0x08000130   Data           0  startup_stm32f10x_hd.o(RESET)
    __main                                   0x08000131   Thumb Code     8  __main.o(!!!main)
    __scatterload                            0x08000139   Thumb Code     0  __scatter.o(!!!scatter)
    __scatterload_rt2                        0x08000139   Thumb Code    44  __scatter.o(!!!scatter)
    __scatterload_rt2_thumb_only             0x08000139   Thumb Code     0  __scatter.o(!!!scatter)
    __scatterload_null                       0x08000147   Thumb Code     0  __scatter.o(!!!scatter)
    __scatterload_copy                       0x0800016d   Thumb Code    26  __scatter_copy.o(!!handler_copy)
    __scatterload_zeroinit                   0x08000189   Thumb Code    28  __scatter_zi.o(!!handler_zi)
    __rt_lib_init                            0x080001a5   Thumb Code     0  libinit.o(.ARM.Collect$$libinit$$00000000)
    __rt_lib_init_alloca_1                   0x080001a7   Thumb Code     0  libinit2.o(.ARM.Collect$$libinit$$0000002E)
    __rt_lib_init_argv_1                     0x080001a7   Thumb Code     0  libinit2.o(.ARM.Collect$$libinit$$0000002C)
    __rt_lib_init_atexit_1                   0x080001a7   Thumb Code     0  libinit2.o(.ARM.Collect$$libinit$$0000001B)
    __rt_lib_init_clock_1                    0x080001a7   Thumb Code     0  libinit2.o(.ARM.Collect$$libinit$$00000021)
    __rt_lib_init_cpp_1                      0x080001a7   Thumb Code     0  libinit2.o(.ARM.Collect$$libinit$$00000032)
    __rt_lib_init_exceptions_1               0x080001a7   Thumb Code     0  libinit2.o(.ARM.Collect$$libinit$$00000030)
    __rt_lib_init_fp_1                       0x080001a7   Thumb Code     0  libinit2.o(.ARM.Collect$$libinit$$00000002)
    __rt_lib_init_fp_trap_1                  0x080001a7   Thumb Code     0  libinit2.o(.ARM.Collect$$libinit$$0000001F)
    __rt_lib_init_getenv_1                   0x080001a7   Thumb Code     0  libinit2.o(.ARM.Collect$$libinit$$00000023)
    __rt_lib_init_heap_1                     0x080001a7   Thumb Code     0  libinit2.o(.ARM.Collect$$libinit$$0000000A)
    __rt_lib_init_lc_collate_1               0x080001a7   Thumb Code     0  libinit2.o(.ARM.Collect$$libinit$$00000011)
    __rt_lib_init_lc_ctype_1                 0x080001a7   Thumb Code     0  libinit2.o(.ARM.Collect$$libinit$$00000013)
    __rt_lib_init_lc_monetary_1              0x080001a7   Thumb Code     0  libinit2.o(.ARM.Collect$$libinit$$00000015)
    __rt_lib_init_lc_numeric_1               0x080001a7   Thumb Code     0  libinit2.o(.ARM.Collect$$libinit$$00000017)
    __rt_lib_init_lc_time_1                  0x080001a7   Thumb Code     0  libinit2.o(.ARM.Collect$$libinit$$00000019)
    __rt_lib_init_preinit_1                  0x080001a7   Thumb Code     0  libinit2.o(.ARM.Collect$$libinit$$00000004)
    __rt_lib_init_rand_1                     0x080001a7   Thumb Code     0  libinit2.o(.ARM.Collect$$libinit$$0000000E)
    __rt_lib_init_return                     0x080001a7   Thumb Code     0  libinit2.o(.ARM.Collect$$libinit$$00000033)
    __rt_lib_init_signal_1                   0x080001a7   Thumb Code     0  libinit2.o(.ARM.Collect$$libinit$$0000001D)
    __rt_lib_init_stdio_1                    0x080001a7   Thumb Code     0  libinit2.o(.ARM.Collect$$libinit$$00000025)
    __rt_lib_init_user_alloc_1               0x080001a7   Thumb Code     0  libinit2.o(.ARM.Collect$$libinit$$0000000C)
    __rt_lib_shutdown                        0x080001a9   Thumb Code     0  libshutdown.o(.ARM.Collect$$libshutdown$$00000000)
    __rt_lib_shutdown_cpp_1                  0x080001ab   Thumb Code     0  libshutdown2.o(.ARM.Collect$$libshutdown$$00000002)
    __rt_lib_shutdown_fp_trap_1              0x080001ab   Thumb Code     0  libshutdown2.o(.ARM.Collect$$libshutdown$$00000007)
    __rt_lib_shutdown_heap_1                 0x080001ab   Thumb Code     0  libshutdown2.o(.ARM.Collect$$libshutdown$$0000000F)
    __rt_lib_shutdown_return                 0x080001ab   Thumb Code     0  libshutdown2.o(.ARM.Collect$$libshutdown$$00000010)
    __rt_lib_shutdown_signal_1               0x080001ab   Thumb Code     0  libshutdown2.o(.ARM.Collect$$libshutdown$$0000000A)
    __rt_lib_shutdown_stdio_1                0x080001ab   Thumb Code     0  libshutdown2.o(.ARM.Collect$$libshutdown$$00000004)
    __rt_lib_shutdown_user_alloc_1           0x080001ab   Thumb Code     0  libshutdown2.o(.ARM.Collect$$libshutdown$$0000000C)
    __rt_entry                               0x080001ad   Thumb Code     0  __rtentry.o(.ARM.Collect$$rtentry$$00000000)
    __rt_entry_presh_1                       0x080001ad   Thumb Code     0  __rtentry2.o(.ARM.Collect$$rtentry$$00000002)
    __rt_entry_sh                            0x080001ad   Thumb Code     0  __rtentry4.o(.ARM.Collect$$rtentry$$00000004)
    __rt_entry_li                            0x080001b3   Thumb Code     0  __rtentry2.o(.ARM.Collect$$rtentry$$0000000A)
    __rt_entry_postsh_1                      0x080001b3   Thumb Code     0  __rtentry2.o(.ARM.Collect$$rtentry$$00000009)
    __rt_entry_main                          0x080001b7   Thumb Code     0  __rtentry2.o(.ARM.Collect$$rtentry$$0000000D)
    __rt_entry_postli_1                      0x080001b7   Thumb Code     0  __rtentry2.o(.ARM.Collect$$rtentry$$0000000C)
    __rt_exit                                0x080001bf   Thumb Code     0  rtexit.o(.ARM.Collect$$rtexit$$00000000)
    __rt_exit_ls                             0x080001c1   Thumb Code     0  rtexit2.o(.ARM.Collect$$rtexit$$00000003)
    __rt_exit_prels_1                        0x080001c1   Thumb Code     0  rtexit2.o(.ARM.Collect$$rtexit$$00000002)
    __rt_exit_exit                           0x080001c5   Thumb Code     0  rtexit2.o(.ARM.Collect$$rtexit$$00000004)
    MSR_MSP                                  0x080001cd   Thumb Code     6  pub.o(.emb_text)
    Reset_Handler                            0x080001d5   Thumb Code     8  startup_stm32f10x_hd.o(.text)
    NMI_Handler                              0x080001dd   Thumb Code     2  startup_stm32f10x_hd.o(.text)
    HardFault_Handler                        0x080001df   Thumb Code     2  startup_stm32f10x_hd.o(.text)
    MemManage_Handler                        0x080001e1   Thumb Code     2  startup_stm32f10x_hd.o(.text)
    BusFault_Handler                         0x080001e3   Thumb Code     2  startup_stm32f10x_hd.o(.text)
    UsageFault_Handler                       0x080001e5   Thumb Code     2  startup_stm32f10x_hd.o(.text)
    SVC_Handler                              0x080001e7   Thumb Code     2  startup_stm32f10x_hd.o(.text)
    DebugMon_Handler                         0x080001e9   Thumb Code     2  startup_stm32f10x_hd.o(.text)
    PendSV_Handler                           0x080001eb   Thumb Code     2  startup_stm32f10x_hd.o(.text)
    SysTick_Handler                          0x080001ed   Thumb Code     2  startup_stm32f10x_hd.o(.text)
    ADC1_2_IRQHandler                        0x080001ef   Thumb Code     0  startup_stm32f10x_hd.o(.text)
    ADC3_IRQHandler                          0x080001ef   Thumb Code     0  startup_stm32f10x_hd.o(.text)
    CAN1_RX1_IRQHandler                      0x080001ef   Thumb Code     0  startup_stm32f10x_hd.o(.text)
    CAN1_SCE_IRQHandler                      0x080001ef   Thumb Code     0  startup_stm32f10x_hd.o(.text)
    DMA1_Channel1_IRQHandler                 0x080001ef   Thumb Code     0  startup_stm32f10x_hd.o(.text)
    DMA1_Channel2_IRQHandler                 0x080001ef   Thumb Code     0  startup_stm32f10x_hd.o(.text)
    DMA1_Channel3_IRQHandler                 0x080001ef   Thumb Code     0  startup_stm32f10x_hd.o(.text)
    DMA1_Channel4_IRQHandler                 0x080001ef   Thumb Code     0  startup_stm32f10x_hd.o(.text)
    DMA1_Channel5_IRQHandler                 0x080001ef   Thumb Code     0  startup_stm32f10x_hd.o(.text)
    DMA1_Channel6_IRQHandler                 0x080001ef   Thumb Code     0  startup_stm32f10x_hd.o(.text)
    DMA1_Channel7_IRQHandler                 0x080001ef   Thumb Code     0  startup_stm32f10x_hd.o(.text)
    DMA2_Channel1_IRQHandler                 0x080001ef   Thumb Code     0  startup_stm32f10x_hd.o(.text)
    DMA2_Channel2_IRQHandler                 0x080001ef   Thumb Code     0  startup_stm32f10x_hd.o(.text)
    DMA2_Channel3_IRQHandler                 0x080001ef   Thumb Code     0  startup_stm32f10x_hd.o(.text)
    DMA2_Channel4_5_IRQHandler               0x080001ef   Thumb Code     0  startup_stm32f10x_hd.o(.text)
    EXTI0_IRQHandler                         0x080001ef   Thumb Code     0  startup_stm32f10x_hd.o(.text)
    EXTI15_10_IRQHandler                     0x080001ef   Thumb Code     0  startup_stm32f10x_hd.o(.text)
    EXTI1_IRQHandler                         0x080001ef   Thumb Code     0  startup_stm32f10x_hd.o(.text)
    EXTI2_IRQHandler                         0x080001ef   Thumb Code     0  startup_stm32f10x_hd.o(.text)
    EXTI3_IRQHandler                         0x080001ef   Thumb Code     0  startup_stm32f10x_hd.o(.text)
    EXTI4_IRQHandler                         0x080001ef   Thumb Code     0  startup_stm32f10x_hd.o(.text)
    EXTI9_5_IRQHandler                       0x080001ef   Thumb Code     0  startup_stm32f10x_hd.o(.text)
    FLASH_IRQHandler                         0x080001ef   Thumb Code     0  startup_stm32f10x_hd.o(.text)
    FSMC_IRQHandler                          0x080001ef   Thumb Code     0  startup_stm32f10x_hd.o(.text)
    I2C1_ER_IRQHandler                       0x080001ef   Thumb Code     0  startup_stm32f10x_hd.o(.text)
    I2C1_EV_IRQHandler                       0x080001ef   Thumb Code     0  startup_stm32f10x_hd.o(.text)
    I2C2_ER_IRQHandler                       0x080001ef   Thumb Code     0  startup_stm32f10x_hd.o(.text)
    I2C2_EV_IRQHandler                       0x080001ef   Thumb Code     0  startup_stm32f10x_hd.o(.text)
    PVD_IRQHandler                           0x080001ef   Thumb Code     0  startup_stm32f10x_hd.o(.text)
    RCC_IRQHandler                           0x080001ef   Thumb Code     0  startup_stm32f10x_hd.o(.text)
    RTCAlarm_IRQHandler                      0x080001ef   Thumb Code     0  startup_stm32f10x_hd.o(.text)
    RTC_IRQHandler                           0x080001ef   Thumb Code     0  startup_stm32f10x_hd.o(.text)
    SDIO_IRQHandler                          0x080001ef   Thumb Code     0  startup_stm32f10x_hd.o(.text)
    SPI1_IRQHandler                          0x080001ef   Thumb Code     0  startup_stm32f10x_hd.o(.text)
    SPI2_IRQHandler                          0x080001ef   Thumb Code     0  startup_stm32f10x_hd.o(.text)
    SPI3_IRQHandler                          0x080001ef   Thumb Code     0  startup_stm32f10x_hd.o(.text)
    TAMPER_IRQHandler                        0x080001ef   Thumb Code     0  startup_stm32f10x_hd.o(.text)
    TIM1_BRK_IRQHandler                      0x080001ef   Thumb Code     0  startup_stm32f10x_hd.o(.text)
    TIM1_CC_IRQHandler                       0x080001ef   Thumb Code     0  startup_stm32f10x_hd.o(.text)
    TIM1_TRG_COM_IRQHandler                  0x080001ef   Thumb Code     0  startup_stm32f10x_hd.o(.text)
    TIM1_UP_IRQHandler                       0x080001ef   Thumb Code     0  startup_stm32f10x_hd.o(.text)
    TIM4_IRQHandler                          0x080001ef   Thumb Code     0  startup_stm32f10x_hd.o(.text)
    TIM5_IRQHandler                          0x080001ef   Thumb Code     0  startup_stm32f10x_hd.o(.text)
    TIM6_IRQHandler                          0x080001ef   Thumb Code     0  startup_stm32f10x_hd.o(.text)
    TIM7_IRQHandler                          0x080001ef   Thumb Code     0  startup_stm32f10x_hd.o(.text)
    TIM8_BRK_IRQHandler                      0x080001ef   Thumb Code     0  startup_stm32f10x_hd.o(.text)
    TIM8_CC_IRQHandler                       0x080001ef   Thumb Code     0  startup_stm32f10x_hd.o(.text)
    TIM8_TRG_COM_IRQHandler                  0x080001ef   Thumb Code     0  startup_stm32f10x_hd.o(.text)
    TIM8_UP_IRQHandler                       0x080001ef   Thumb Code     0  startup_stm32f10x_hd.o(.text)
    UART4_IRQHandler                         0x080001ef   Thumb Code     0  startup_stm32f10x_hd.o(.text)
    UART5_IRQHandler                         0x080001ef   Thumb Code     0  startup_stm32f10x_hd.o(.text)
    USART2_IRQHandler                        0x080001ef   Thumb Code     0  startup_stm32f10x_hd.o(.text)
    USART3_IRQHandler                        0x080001ef   Thumb Code     0  startup_stm32f10x_hd.o(.text)
    USBWakeUp_IRQHandler                     0x080001ef   Thumb Code     0  startup_stm32f10x_hd.o(.text)
    USB_HP_CAN1_TX_IRQHandler                0x080001ef   Thumb Code     0  startup_stm32f10x_hd.o(.text)
    USB_LP_CAN1_RX0_IRQHandler               0x080001ef   Thumb Code     0  startup_stm32f10x_hd.o(.text)
    WWDG_IRQHandler                          0x080001ef   Thumb Code     0  startup_stm32f10x_hd.o(.text)
    __user_initial_stackheap                 0x080001f1   Thumb Code     0  startup_stm32f10x_hd.o(.text)
    strcpy                                   0x08000215   Thumb Code    72  strcpy.o(.text)
    strlen                                   0x0800025d   Thumb Code    62  strlen.o(.text)
    strcat                                   0x0800029b   Thumb Code    24  strcat.o(.text)
    __aeabi_memcpy                           0x080002b3   Thumb Code     0  rt_memcpy_v6.o(.text)
    __rt_memcpy                              0x080002b3   Thumb Code   138  rt_memcpy_v6.o(.text)
    _memcpy_lastbytes                        0x08000319   Thumb Code     0  rt_memcpy_v6.o(.text)
    __aeabi_memclr4                          0x0800033d   Thumb Code     0  rt_memclr_w.o(.text)
    __aeabi_memclr8                          0x0800033d   Thumb Code     0  rt_memclr_w.o(.text)
    __rt_memclr_w                            0x0800033d   Thumb Code    78  rt_memclr_w.o(.text)
    _memset_w                                0x08000341   Thumb Code     0  rt_memclr_w.o(.text)
    __use_two_region_memory                  0x0800038b   Thumb Code     2  heapauxi.o(.text)
    __rt_heap_escrow$2region                 0x0800038d   Thumb Code     2  heapauxi.o(.text)
    __rt_heap_expand$2region                 0x0800038f   Thumb Code     2  heapauxi.o(.text)
    __aeabi_memcpy4                          0x08000391   Thumb Code     0  rt_memcpy_w.o(.text)
    __aeabi_memcpy8                          0x08000391   Thumb Code     0  rt_memcpy_w.o(.text)
    __rt_memcpy_w                            0x08000391   Thumb Code   100  rt_memcpy_w.o(.text)
    _memcpy_lastbytes_aligned                0x080003d9   Thumb Code     0  rt_memcpy_w.o(.text)
    __user_setup_stackheap                   0x080003f5   Thumb Code    74  sys_stackheap_outer.o(.text)
    exit                                     0x0800043f   Thumb Code    18  exit.o(.text)
    __user_libspace                          0x08000451   Thumb Code     8  libspace.o(.text)
    __user_perproc_libspace                  0x08000451   Thumb Code     0  libspace.o(.text)
    __user_perthread_libspace                0x08000451   Thumb Code     0  libspace.o(.text)
    _sys_exit                                0x08000459   Thumb Code     8  sys_exit.o(.text)
    __I$use$semihosting                      0x08000465   Thumb Code     0  use_no_semi.o(.text)
    __use_no_semihosting_swi                 0x08000465   Thumb Code     2  use_no_semi.o(.text)
    __semihosting_library_function           0x08000467   Thumb Code     0  indicate_semi.o(.text)
    BspClose                                 0x080004f1   Thumb Code    16  bsp.o(i.BspClose)
    BspInit                                  0x08000501   Thumb Code    76  bsp.o(i.BspInit)
    BspTim2Close                             0x0800054d   Thumb Code    24  bsptime2.o(i.BspTim2Close)
    BspTim2Init                              0x08000565   Thumb Code    70  bsptime2.o(i.BspTim2Init)
    BspTim3Close                             0x080005ad   Thumb Code    30  bsptime3.o(i.BspTim3Close)
    BspTim3Init                              0x080005d1   Thumb Code    80  bsptime3.o(i.BspTim3Init)
    BspTim3Open                              0x08000625   Thumb Code    30  bsptime3.o(i.BspTim3Open)
    BspTim3SetIRQCallBack                    0x08000649   Thumb Code     6  bsptime3.o(i.BspTim3SetIRQCallBack)
    BspUsart1Close                           0x08000655   Thumb Code    90  uart.o(i.BspUsart1Close)
    BspUsart1IRQCallBack                     0x080006b9   Thumb Code     6  uart.o(i.BspUsart1IRQCallBack)
    BspUsart1Init                            0x080006c5   Thumb Code   152  uart.o(i.BspUsart1Init)
    BspUsart1Send                            0x08000765   Thumb Code   102  uart.o(i.BspUsart1Send)
    CommonExec                               0x080007d5   Thumb Code    78  common.o(i.CommonExec)
    CommonInit                               0x08000841   Thumb Code    16  common.o(i.CommonInit)
    FLASH_ErasePage                          0x0800094d   Thumb Code    72  stm32f10x_flash.o(i.FLASH_ErasePage)
    FLASH_GetBank1Status                     0x08000999   Thumb Code    48  stm32f10x_flash.o(i.FLASH_GetBank1Status)
    FLASH_Lock                               0x080009cd   Thumb Code    14  stm32f10x_flash.o(i.FLASH_Lock)
    FLASH_PrefetchBufferCmd                  0x080009f9   Thumb Code    22  stm32f10x_flash.o(i.FLASH_PrefetchBufferCmd)
    FLASH_ProgramDone                        0x08000a15   Thumb Code     8  download.o(i.FLASH_ProgramDone)
    FLASH_ProgramHalfWord                    0x08000a1d   Thumb Code    60  stm32f10x_flash.o(i.FLASH_ProgramHalfWord)
    FLASH_ProgramStart                       0x08000a5d   Thumb Code    62  download.o(i.FLASH_ProgramStart)
    FLASH_SetLatency                         0x08000aa1   Thumb Code    18  stm32f10x_flash.o(i.FLASH_SetLatency)
    FLASH_Unlock                             0x08000ab9   Thumb Code    12  stm32f10x_flash.o(i.FLASH_Unlock)
    FLASH_WaitForLastOperation               0x08000ad1   Thumb Code    38  stm32f10x_flash.o(i.FLASH_WaitForLastOperation)
    FLASH_WriteBank                          0x08000af7   Thumb Code    56  download.o(i.FLASH_WriteBank)
    GPIO_Init                                0x08000b2f   Thumb Code   278  stm32f10x_gpio.o(i.GPIO_Init)
    NVIC_Init                                0x08000d21   Thumb Code   100  misc.o(i.NVIC_Init)
    NVIC_PriorityGroupConfig                 0x08000d91   Thumb Code    10  misc.o(i.NVIC_PriorityGroupConfig)
    NVIC_SetVectorTable                      0x08000da5   Thumb Code    12  misc.o(i.NVIC_SetVectorTable)
    Pub_Nvic_Config                          0x08000dd7   Thumb Code    34  pub.o(i.Pub_Nvic_Config)
    RCC_APB1PeriphClockCmd                   0x08000df9   Thumb Code    26  stm32f10x_rcc.o(i.RCC_APB1PeriphClockCmd)
    RCC_APB1PeriphResetCmd                   0x08000e19   Thumb Code    26  stm32f10x_rcc.o(i.RCC_APB1PeriphResetCmd)
    RCC_APB2PeriphClockCmd                   0x08000e39   Thumb Code    26  stm32f10x_rcc.o(i.RCC_APB2PeriphClockCmd)
    RCC_APB2PeriphResetCmd                   0x08000e59   Thumb Code    26  stm32f10x_rcc.o(i.RCC_APB2PeriphResetCmd)
    RCC_DeInit                               0x08000eed   Thumb Code    64  stm32f10x_rcc.o(i.RCC_DeInit)
    RCC_GetClocksFreq                        0x08000f39   Thumb Code   192  stm32f10x_rcc.o(i.RCC_GetClocksFreq)
    RCC_GetFlagStatus                        0x0800100d   Thumb Code    56  stm32f10x_rcc.o(i.RCC_GetFlagStatus)
    RCC_GetSYSCLKSource                      0x08001049   Thumb Code    10  stm32f10x_rcc.o(i.RCC_GetSYSCLKSource)
    RCC_HCLKConfig                           0x08001059   Thumb Code    18  stm32f10x_rcc.o(i.RCC_HCLKConfig)
    RCC_HSEConfig                            0x08001071   Thumb Code    70  stm32f10x_rcc.o(i.RCC_HSEConfig)
    RCC_PCLK1Config                          0x080010bd   Thumb Code    18  stm32f10x_rcc.o(i.RCC_PCLK1Config)
    RCC_PCLK2Config                          0x080010d5   Thumb Code    20  stm32f10x_rcc.o(i.RCC_PCLK2Config)
    RCC_PLLCmd                               0x080010ed   Thumb Code     6  stm32f10x_rcc.o(i.RCC_PLLCmd)
    RCC_PLLConfig                            0x080010f9   Thumb Code    24  stm32f10x_rcc.o(i.RCC_PLLConfig)
    RCC_SYSCLKConfig                         0x08001115   Thumb Code    18  stm32f10x_rcc.o(i.RCC_SYSCLKConfig)
    RCC_WaitForHSEStartUp                    0x0800112d   Thumb Code    56  stm32f10x_rcc.o(i.RCC_WaitForHSEStartUp)
    SystemInit                               0x080013ed   Thumb Code    78  system_stm32f10x.o(i.SystemInit)
    TIM2_IRQHandler                          0x0800144d   Thumb Code    52  bsptime2.o(i.TIM2_IRQHandler)
    TIM3_IRQHandler                          0x08001485   Thumb Code    40  bsptime3.o(i.TIM3_IRQHandler)
    TIM_ClearITPendingBit                    0x080014b5   Thumb Code     6  stm32f10x_tim.o(i.TIM_ClearITPendingBit)
    TIM_Cmd                                  0x080014bb   Thumb Code    24  stm32f10x_tim.o(i.TIM_Cmd)
    TIM_DeInit                               0x080014d5   Thumb Code   424  stm32f10x_tim.o(i.TIM_DeInit)
    TIM_GetITStatus                          0x080016bd   Thumb Code    34  stm32f10x_tim.o(i.TIM_GetITStatus)
    TIM_ITConfig                             0x080016df   Thumb Code    18  stm32f10x_tim.o(i.TIM_ITConfig)
    TIM_SetCounter                           0x080016f1   Thumb Code     4  stm32f10x_tim.o(i.TIM_SetCounter)
    TIM_TimeBaseInit                         0x080016f5   Thumb Code   122  stm32f10x_tim.o(i.TIM_TimeBaseInit)
    USART1_IRQHandler                        0x080017b1   Thumb Code   214  uart.o(i.USART1_IRQHandler)
    USART_ClearITPendingBit                  0x08001895   Thumb Code    30  stm32f10x_usart.o(i.USART_ClearITPendingBit)
    USART_Cmd                                0x080018b3   Thumb Code    24  stm32f10x_usart.o(i.USART_Cmd)
    USART_DeInit                             0x080018cd   Thumb Code   134  stm32f10x_usart.o(i.USART_DeInit)
    USART_GetITStatus                        0x08001969   Thumb Code    84  stm32f10x_usart.o(i.USART_GetITStatus)
    USART_ITConfig                           0x080019bd   Thumb Code    74  stm32f10x_usart.o(i.USART_ITConfig)
    USART_Init                               0x08001a09   Thumb Code   210  stm32f10x_usart.o(i.USART_Init)
    USART_ReceiveData                        0x08001ae1   Thumb Code    10  stm32f10x_usart.o(i.USART_ReceiveData)
    USART_SendData                           0x08001aeb   Thumb Code     8  stm32f10x_usart.o(i.USART_SendData)
    USART_StructInit                         0x08001af3   Thumb Code    24  stm32f10x_usart.o(i.USART_StructInit)
    YmodemReceive                            0x08001b51   Thumb Code   606  ymodem.o(i.YmodemReceive)
    YmodemSendChar                           0x08001dc9   Thumb Code    60  ymodem.o(i.YmodemSendChar)
    led_init                                 0x08001e05   Thumb Code    52  led.o(i.led_init)
    led_off                                  0x08001e3d   Thumb Code    18  led.o(i.led_off)
    led_on                                   0x08001e55   Thumb Code    18  led.o(i.led_on)
    main                                     0x08001e6d   Thumb Code    68  main.o(i.main)
    Region$$Table$$Base                      0x08001eb4   Number         0  anon$$obj.o(Region$$Table)
    Region$$Table$$Limit                     0x08001ed4   Number         0  anon$$obj.o(Region$$Table)
    receChar                                 0x2000004c   Data           4  uart.o(.data)
    g_Tim2Array                              0x200008b4   Data          12  bsptime2.o(.bss)
    __libspace_start                         0x200008c0   Data          96  libspace.o(.bss)
    __temporary_stack_top$libspace           0x20000920   Data           0  libspace.o(.bss)



==============================================================================

Memory Map of the image

  Image Entry point : 0x08000131

  Load Region LR_IROM1 (Base: 0x08000000, Size: 0x00001f40, Max: 0x00080000, ABSOLUTE)

    Execution Region ER_IROM1 (Base: 0x08000000, Size: 0x00001ed4, Max: 0x00080000, ABSOLUTE)

    Base Addr    Size         Type   Attr      Idx    E Section Name        Object

    0x08000000   0x00000130   Data   RO          598    RESET               startup_stm32f10x_hd.o
    0x08000130   0x00000008   Code   RO         2515  * !!!main             c_w.l(__main.o)
    0x08000138   0x00000034   Code   RO         2674    !!!scatter          c_w.l(__scatter.o)
    0x0800016c   0x0000001a   Code   RO         2676    !!handler_copy      c_w.l(__scatter_copy.o)
    0x08000186   0x00000002   PAD
    0x08000188   0x0000001c   Code   RO         2678    !!handler_zi        c_w.l(__scatter_zi.o)
    0x080001a4   0x00000002   Code   RO         2544    .ARM.Collect$$libinit$$00000000  c_w.l(libinit.o)
    0x080001a6   0x00000000   Code   RO         2551    .ARM.Collect$$libinit$$00000002  c_w.l(libinit2.o)
    0x080001a6   0x00000000   Code   RO         2553    .ARM.Collect$$libinit$$00000004  c_w.l(libinit2.o)
    0x080001a6   0x00000000   Code   RO         2556    .ARM.Collect$$libinit$$0000000A  c_w.l(libinit2.o)
    0x080001a6   0x00000000   Code   RO         2558    .ARM.Collect$$libinit$$0000000C  c_w.l(libinit2.o)
    0x080001a6   0x00000000   Code   RO         2560    .ARM.Collect$$libinit$$0000000E  c_w.l(libinit2.o)
    0x080001a6   0x00000000   Code   RO         2563    .ARM.Collect$$libinit$$00000011  c_w.l(libinit2.o)
    0x080001a6   0x00000000   Code   RO         2565    .ARM.Collect$$libinit$$00000013  c_w.l(libinit2.o)
    0x080001a6   0x00000000   Code   RO         2567    .ARM.Collect$$libinit$$00000015  c_w.l(libinit2.o)
    0x080001a6   0x00000000   Code   RO         2569    .ARM.Collect$$libinit$$00000017  c_w.l(libinit2.o)
    0x080001a6   0x00000000   Code   RO         2571    .ARM.Collect$$libinit$$00000019  c_w.l(libinit2.o)
    0x080001a6   0x00000000   Code   RO         2573    .ARM.Collect$$libinit$$0000001B  c_w.l(libinit2.o)
    0x080001a6   0x00000000   Code   RO         2575    .ARM.Collect$$libinit$$0000001D  c_w.l(libinit2.o)
    0x080001a6   0x00000000   Code   RO         2577    .ARM.Collect$$libinit$$0000001F  c_w.l(libinit2.o)
    0x080001a6   0x00000000   Code   RO         2579    .ARM.Collect$$libinit$$00000021  c_w.l(libinit2.o)
    0x080001a6   0x00000000   Code   RO         2581    .ARM.Collect$$libinit$$00000023  c_w.l(libinit2.o)
    0x080001a6   0x00000000   Code   RO         2583    .ARM.Collect$$libinit$$00000025  c_w.l(libinit2.o)
    0x080001a6   0x00000000   Code   RO         2587    .ARM.Collect$$libinit$$0000002C  c_w.l(libinit2.o)
    0x080001a6   0x00000000   Code   RO         2589    .ARM.Collect$$libinit$$0000002E  c_w.l(libinit2.o)
    0x080001a6   0x00000000   Code   RO         2591    .ARM.Collect$$libinit$$00000030  c_w.l(libinit2.o)
    0x080001a6   0x00000000   Code   RO         2593    .ARM.Collect$$libinit$$00000032  c_w.l(libinit2.o)
    0x080001a6   0x00000002   Code   RO         2594    .ARM.Collect$$libinit$$00000033  c_w.l(libinit2.o)
    0x080001a8   0x00000002   Code   RO         2614    .ARM.Collect$$libshutdown$$00000000  c_w.l(libshutdown.o)
    0x080001aa   0x00000000   Code   RO         2627    .ARM.Collect$$libshutdown$$00000002  c_w.l(libshutdown2.o)
    0x080001aa   0x00000000   Code   RO         2629    .ARM.Collect$$libshutdown$$00000004  c_w.l(libshutdown2.o)
    0x080001aa   0x00000000   Code   RO         2632    .ARM.Collect$$libshutdown$$00000007  c_w.l(libshutdown2.o)
    0x080001aa   0x00000000   Code   RO         2635    .ARM.Collect$$libshutdown$$0000000A  c_w.l(libshutdown2.o)
    0x080001aa   0x00000000   Code   RO         2637    .ARM.Collect$$libshutdown$$0000000C  c_w.l(libshutdown2.o)
    0x080001aa   0x00000000   Code   RO         2640    .ARM.Collect$$libshutdown$$0000000F  c_w.l(libshutdown2.o)
    0x080001aa   0x00000002   Code   RO         2641    .ARM.Collect$$libshutdown$$00000010  c_w.l(libshutdown2.o)
    0x080001ac   0x00000000   Code   RO         2517    .ARM.Collect$$rtentry$$00000000  c_w.l(__rtentry.o)
    0x080001ac   0x00000000   Code   RO         2521    .ARM.Collect$$rtentry$$00000002  c_w.l(__rtentry2.o)
    0x080001ac   0x00000006   Code   RO         2533    .ARM.Collect$$rtentry$$00000004  c_w.l(__rtentry4.o)
    0x080001b2   0x00000000   Code   RO         2523    .ARM.Collect$$rtentry$$00000009  c_w.l(__rtentry2.o)
    0x080001b2   0x00000004   Code   RO         2524    .ARM.Collect$$rtentry$$0000000A  c_w.l(__rtentry2.o)
    0x080001b6   0x00000000   Code   RO         2526    .ARM.Collect$$rtentry$$0000000C  c_w.l(__rtentry2.o)
    0x080001b6   0x00000008   Code   RO         2527    .ARM.Collect$$rtentry$$0000000D  c_w.l(__rtentry2.o)
    0x080001be   0x00000002   Code   RO         2548    .ARM.Collect$$rtexit$$00000000  c_w.l(rtexit.o)
    0x080001c0   0x00000000   Code   RO         2596    .ARM.Collect$$rtexit$$00000002  c_w.l(rtexit2.o)
    0x080001c0   0x00000004   Code   RO         2597    .ARM.Collect$$rtexit$$00000003  c_w.l(rtexit2.o)
    0x080001c4   0x00000006   Code   RO         2598    .ARM.Collect$$rtexit$$00000004  c_w.l(rtexit2.o)
    0x080001ca   0x00000002   PAD
    0x080001cc   0x00000006   Code   RO          317    .emb_text           pub.o
    0x080001d2   0x00000002   PAD
    0x080001d4   0x00000040   Code   RO          599    .text               startup_stm32f10x_hd.o
    0x08000214   0x00000048   Code   RO         2503    .text               c_w.l(strcpy.o)
    0x0800025c   0x0000003e   Code   RO         2505    .text               c_w.l(strlen.o)
    0x0800029a   0x00000018   Code   RO         2507    .text               c_w.l(strcat.o)
    0x080002b2   0x0000008a   Code   RO         2509    .text               c_w.l(rt_memcpy_v6.o)
    0x0800033c   0x0000004e   Code   RO         2511    .text               c_w.l(rt_memclr_w.o)
    0x0800038a   0x00000006   Code   RO         2513    .text               c_w.l(heapauxi.o)
    0x08000390   0x00000064   Code   RO         2518    .text               c_w.l(rt_memcpy_w.o)
    0x080003f4   0x0000004a   Code   RO         2535    .text               c_w.l(sys_stackheap_outer.o)
    0x0800043e   0x00000012   Code   RO         2537    .text               c_w.l(exit.o)
    0x08000450   0x00000008   Code   RO         2545    .text               c_w.l(libspace.o)
    0x08000458   0x0000000c   Code   RO         2606    .text               c_w.l(sys_exit.o)
    0x08000464   0x00000002   Code   RO         2617    .text               c_w.l(use_no_semi.o)
    0x08000466   0x00000000   Code   RO         2619    .text               c_w.l(indicate_semi.o)
    0x08000466   0x00000002   PAD
    0x08000468   0x00000088   Code   RO          156    i.AppChoose         common.o
    0x080004f0   0x00000010   Code   RO          121    i.BspClose          bsp.o
    0x08000500   0x0000004c   Code   RO          122    i.BspInit           bsp.o
    0x0800054c   0x00000018   Code   RO          507    i.BspTim2Close      bsptime2.o
    0x08000564   0x00000046   Code   RO          508    i.BspTim2Init       bsptime2.o
    0x080005aa   0x00000002   PAD
    0x080005ac   0x00000024   Code   RO          549    i.BspTim3Close      bsptime3.o
    0x080005d0   0x00000054   Code   RO          550    i.BspTim3Init       bsptime3.o
    0x08000624   0x00000024   Code   RO          551    i.BspTim3Open       bsptime3.o
    0x08000648   0x0000000c   Code   RO          552    i.BspTim3SetIRQCallBack  bsptime3.o
    0x08000654   0x00000064   Code   RO          455    i.BspUsart1Close    uart.o
    0x080006b8   0x0000000c   Code   RO          456    i.BspUsart1IRQCallBack  uart.o
    0x080006c4   0x000000a0   Code   RO          457    i.BspUsart1Init     uart.o
    0x08000764   0x00000070   Code   RO          458    i.BspUsart1Send     uart.o
    0x080007d4   0x0000006c   Code   RO          157    i.CommonExec        common.o
    0x08000840   0x00000018   Code   RO          158    i.CommonInit        common.o
    0x08000858   0x000000f4   Code   RO          159    i.DisplayMessage    common.o
    0x0800094c   0x0000004c   Code   RO          891    i.FLASH_ErasePage   stm32f10x_flash.o
    0x08000998   0x00000034   Code   RO          892    i.FLASH_GetBank1Status  stm32f10x_flash.o
    0x080009cc   0x00000014   Code   RO          901    i.FLASH_Lock        stm32f10x_flash.o
    0x080009e0   0x00000018   Code   RO          235    i.FLASH_PagesMask   download.o
    0x080009f8   0x0000001c   Code   RO          903    i.FLASH_PrefetchBufferCmd  stm32f10x_flash.o
    0x08000a14   0x00000008   Code   RO          236    i.FLASH_ProgramDone  download.o
    0x08000a1c   0x00000040   Code   RO          904    i.FLASH_ProgramHalfWord  stm32f10x_flash.o
    0x08000a5c   0x00000044   Code   RO          237    i.FLASH_ProgramStart  download.o
    0x08000aa0   0x00000018   Code   RO          908    i.FLASH_SetLatency  stm32f10x_flash.o
    0x08000ab8   0x00000018   Code   RO          909    i.FLASH_Unlock      stm32f10x_flash.o
    0x08000ad0   0x00000026   Code   RO          913    i.FLASH_WaitForLastOperation  stm32f10x_flash.o
    0x08000af6   0x00000038   Code   RO          238    i.FLASH_WriteBank   download.o
    0x08000b2e   0x00000116   Code   RO         1078    i.GPIO_Init         stm32f10x_gpio.o
    0x08000c44   0x00000098   Code   RO          160    i.InputSelect       common.o
    0x08000cdc   0x00000044   Code   RO          161    i.JumpToApp         common.o
    0x08000d20   0x00000070   Code   RO          652    i.NVIC_Init         misc.o
    0x08000d90   0x00000014   Code   RO          653    i.NVIC_PriorityGroupConfig  misc.o
    0x08000da4   0x00000014   Code   RO          654    i.NVIC_SetVectorTable  misc.o
    0x08000db8   0x0000001e   Code   RO          162    i.Print             common.o
    0x08000dd6   0x00000022   Code   RO          327    i.Pub_Nvic_Config   pub.o
    0x08000df8   0x00000020   Code   RO         1200    i.RCC_APB1PeriphClockCmd  stm32f10x_rcc.o
    0x08000e18   0x00000020   Code   RO         1201    i.RCC_APB1PeriphResetCmd  stm32f10x_rcc.o
    0x08000e38   0x00000020   Code   RO         1202    i.RCC_APB2PeriphClockCmd  stm32f10x_rcc.o
    0x08000e58   0x00000020   Code   RO         1203    i.RCC_APB2PeriphResetCmd  stm32f10x_rcc.o
    0x08000e78   0x00000074   Code   RO          123    i.RCC_Configuration  bsp.o
    0x08000eec   0x0000004c   Code   RO         1209    i.RCC_DeInit        stm32f10x_rcc.o
    0x08000f38   0x000000d4   Code   RO         1210    i.RCC_GetClocksFreq  stm32f10x_rcc.o
    0x0800100c   0x0000003c   Code   RO         1211    i.RCC_GetFlagStatus  stm32f10x_rcc.o
    0x08001048   0x00000010   Code   RO         1213    i.RCC_GetSYSCLKSource  stm32f10x_rcc.o
    0x08001058   0x00000018   Code   RO         1214    i.RCC_HCLKConfig    stm32f10x_rcc.o
    0x08001070   0x0000004c   Code   RO         1215    i.RCC_HSEConfig     stm32f10x_rcc.o
    0x080010bc   0x00000018   Code   RO         1221    i.RCC_PCLK1Config   stm32f10x_rcc.o
    0x080010d4   0x00000018   Code   RO         1222    i.RCC_PCLK2Config   stm32f10x_rcc.o
    0x080010ec   0x0000000c   Code   RO         1223    i.RCC_PLLCmd        stm32f10x_rcc.o
    0x080010f8   0x0000001c   Code   RO         1224    i.RCC_PLLConfig     stm32f10x_rcc.o
    0x08001114   0x00000018   Code   RO         1227    i.RCC_SYSCLKConfig  stm32f10x_rcc.o
    0x0800112c   0x00000038   Code   RO         1229    i.RCC_WaitForHSEStartUp  stm32f10x_rcc.o
    0x08001164   0x00000034   Code   RO          163    i.ReceOneChar       common.o
    0x08001198   0x000000b4   Code   RO          164    i.ReceiveData       common.o
    0x0800124c   0x000000b6   Code   RO          276    i.ReceivePacket     ymodem.o
    0x08001302   0x00000008   Code   RO          606    i.SetSysClock       system_stm32f10x.o
    0x0800130a   0x00000002   PAD
    0x0800130c   0x000000e0   Code   RO          607    i.SetSysClockTo72   system_stm32f10x.o
    0x080013ec   0x00000060   Code   RO          609    i.SystemInit        system_stm32f10x.o
    0x0800144c   0x00000038   Code   RO          509    i.TIM2_IRQHandler   bsptime2.o
    0x08001484   0x00000030   Code   RO          553    i.TIM3_IRQHandler   bsptime3.o
    0x080014b4   0x00000006   Code   RO         1721    i.TIM_ClearITPendingBit  stm32f10x_tim.o
    0x080014ba   0x00000018   Code   RO         1726    i.TIM_Cmd           stm32f10x_tim.o
    0x080014d2   0x00000002   PAD
    0x080014d4   0x000001e8   Code   RO         1731    i.TIM_DeInit        stm32f10x_tim.o
    0x080016bc   0x00000022   Code   RO         1747    i.TIM_GetITStatus   stm32f10x_tim.o
    0x080016de   0x00000012   Code   RO         1751    i.TIM_ITConfig      stm32f10x_tim.o
    0x080016f0   0x00000004   Code   RO         1791    i.TIM_SetCounter    stm32f10x_tim.o
    0x080016f4   0x000000a4   Code   RO         1797    i.TIM_TimeBaseInit  stm32f10x_tim.o
    0x08001798   0x00000018   Code   RO          165    i.TimEndHandle      common.o
    0x080017b0   0x000000e4   Code   RO          459    i.USART1_IRQHandler  uart.o
    0x08001894   0x0000001e   Code   RO         2271    i.USART_ClearITPendingBit  stm32f10x_usart.o
    0x080018b2   0x00000018   Code   RO         2274    i.USART_Cmd         stm32f10x_usart.o
    0x080018ca   0x00000002   PAD
    0x080018cc   0x0000009c   Code   RO         2276    i.USART_DeInit      stm32f10x_usart.o
    0x08001968   0x00000054   Code   RO         2278    i.USART_GetITStatus  stm32f10x_usart.o
    0x080019bc   0x0000004a   Code   RO         2280    i.USART_ITConfig    stm32f10x_usart.o
    0x08001a06   0x00000002   PAD
    0x08001a08   0x000000d8   Code   RO         2281    i.USART_Init        stm32f10x_usart.o
    0x08001ae0   0x0000000a   Code   RO         2288    i.USART_ReceiveData  stm32f10x_usart.o
    0x08001aea   0x00000008   Code   RO         2291    i.USART_SendData    stm32f10x_usart.o
    0x08001af2   0x00000018   Code   RO         2297    i.USART_StructInit  stm32f10x_usart.o
    0x08001b0a   0x00000046   Code   RO          277    i.YModemCrc         ymodem.o
    0x08001b50   0x00000278   Code   RO          278    i.YmodemReceive     ymodem.o
    0x08001dc8   0x0000003c   Code   RO          279    i.YmodemSendChar    ymodem.o
    0x08001e04   0x00000038   Code   RO          417    i.led_init          led.o
    0x08001e3c   0x00000018   Code   RO          418    i.led_off           led.o
    0x08001e54   0x00000018   Code   RO          419    i.led_on            led.o
    0x08001e6c   0x00000048   Code   RO            4    i.main              main.o
    0x08001eb4   0x00000020   Data   RO         2672    Region$$Table       anon$$obj.o


    Execution Region RW_IRAM1 (Base: 0x20000000, Size: 0x00000f20, Max: 0x00010000, ABSOLUTE)

    Base Addr    Size         Type   Attr      Idx    E Section Name        Object

    0x20000000   0x00000029   Data   RW          167    .data               common.o
    0x20000029   0x00000003   PAD
    0x2000002c   0x00000010   Data   RW          280    .data               ymodem.o
    0x2000003c   0x00000010   Data   RW          420    .data               led.o
    0x2000004c   0x00000008   Data   RW          461    .data               uart.o
    0x20000054   0x00000004   Data   RW          554    .data               bsptime3.o
    0x20000058   0x00000014   Data   RW         1230    .data               stm32f10x_rcc.o
    0x2000006c   0x00000424   Zero   RW          166    .bss                common.o
    0x20000490   0x00000424   Zero   RW          460    .bss                uart.o
    0x200008b4   0x0000000c   Zero   RW          510    .bss                bsptime2.o
    0x200008c0   0x00000060   Zero   RW         2546    .bss                c_w.l(libspace.o)
    0x20000920   0x00000200   Zero   RW          597    HEAP                startup_stm32f10x_hd.o
    0x20000b20   0x00000400   Zero   RW          596    STACK               startup_stm32f10x_hd.o


==============================================================================

Image component sizes


      Code (inc. data)   RO Data    RW Data    ZI Data      Debug   Object Name

       208          0          0          0          0       1809   bsp.o
       150          4          0          0         12       2005   bsptime2.o
       216         30          0          4          0       2861   bsptime3.o
      1018        360          0         41       1060       8898   common.o
       156          6          0          0          0       2627   download.o
       104         16          0         16          0       1898   led.o
        72          4          0          0          0     265383   main.o
       152         30          0          0          0       2253   misc.o
        40          0          0          0          0        970   pub.o
        64         26        304          0       1536        820   startup_stm32f10x_hd.o
       326         42          0          0          0       4795   stm32f10x_flash.o
       278          0          0          0          0       2076   stm32f10x_gpio.o
       760        104          0         20          0      12268   stm32f10x_rcc.o
       738        106          0          0          0       5196   stm32f10x_tim.o
       626         28          0          0          0       7699   stm32f10x_usart.o
       328         28          0          0          0       1981   system_stm32f10x.o
       612         48          0          8       1060       3295   uart.o
       944         32          0         16          0       3709   ymodem.o

    ----------------------------------------------------------------------
      6804        864        336        108       3668     330543   Object Totals
         0          0         32          0          0          0   (incl. Generated)
        12          0          0          3          0          0   (incl. Padding)

    ----------------------------------------------------------------------

      Code (inc. data)   RO Data    RW Data    ZI Data      Debug   Library Member Name

         8          0          0          0          0         68   __main.o
         0          0          0          0          0          0   __rtentry.o
        12          0          0          0          0          0   __rtentry2.o
         6          0          0          0          0          0   __rtentry4.o
        52          8          0          0          0          0   __scatter.o
        26          0          0          0          0          0   __scatter_copy.o
        28          0          0          0          0          0   __scatter_zi.o
        18          0          0          0          0         80   exit.o
         6          0          0          0          0        152   heapauxi.o
         0          0          0          0          0          0   indicate_semi.o
         2          0          0          0          0          0   libinit.o
         2          0          0          0          0          0   libinit2.o
         2          0          0          0          0          0   libshutdown.o
         2          0          0          0          0          0   libshutdown2.o
         8          4          0          0         96         68   libspace.o
        78          0          0          0          0         80   rt_memclr_w.o
       138          0          0          0          0         68   rt_memcpy_v6.o
       100          0          0          0          0         80   rt_memcpy_w.o
         2          0          0          0          0          0   rtexit.o
        10          0          0          0          0          0   rtexit2.o
        24          0          0          0          0         68   strcat.o
        72          0          0          0          0         80   strcpy.o
        62          0          0          0          0         76   strlen.o
        12          4          0          0          0         68   sys_exit.o
        74          0          0          0          0         80   sys_stackheap_outer.o
         2          0          0          0          0         68   use_no_semi.o

    ----------------------------------------------------------------------
       752         16          0          0         96       1036   Library Totals
         6          0          0          0          0          0   (incl. Padding)

    ----------------------------------------------------------------------

      Code (inc. data)   RO Data    RW Data    ZI Data      Debug   Library Name

       746         16          0          0         96       1036   c_w.l

    ----------------------------------------------------------------------
       752         16          0          0         96       1036   Library Totals

    ----------------------------------------------------------------------

==============================================================================


      Code (inc. data)   RO Data    RW Data    ZI Data      Debug   

      7556        880        336        108       3764     326791   Grand Totals
      7556        880        336        108       3764     326791   ELF Image Totals
      7556        880        336        108          0          0   ROM Totals

==============================================================================

    Total RO  Size (Code + RO Data)                 7892 (   7.71kB)
    Total RW  Size (RW Data + ZI Data)              3872 (   3.78kB)
    Total ROM Size (Code + RO Data + RW Data)       8000 (   7.81kB)

==============================================================================

